<?xml version="1.0" encoding="ISO-8859-1" ?>
<link_info>
   <banner>MSP430 Linker PC v18.1.1.LTS</banner>
   <copyright>Copyright (c) 2003-2017 Texas Instruments Incorporated</copyright>
   <link_time>0x5df99683</link_time>
   <link_errors>0x0</link_errors>
   <output_file>final.out</output_file>
   <entry_point>
      <name>_c_int00_noargs</name>
      <address>0xc320</address>
   </entry_point>
   <input_file_list>
      <input_file id="fl-2">
         <path>.\</path>
         <kind>object</kind>
         <file>UARTFuncs.obj</file>
         <name>UARTFuncs.obj</name>
      </input_file>
      <input_file id="fl-3">
         <path>.\</path>
         <kind>object</kind>
         <file>user_final.obj</file>
         <name>user_final.obj</name>
      </input_file>
      <input_file id="fl-8">
         <kind>object</kind>
         <file>&lt;internal&gt;</file>
         <name>&lt;internal&gt;</name>
      </input_file>
      <input_file id="fl-1e">
         <path>C:\CCStudio_v8\ccsv8\tools\compiler\ti-cgt-msp430_18.1.1.LTS\lib\</path>
         <kind>archive</kind>
         <file>rts430_eabi.lib</file>
         <name>asr16.asm.obj</name>
      </input_file>
      <input_file id="fl-1f">
         <path>C:\CCStudio_v8\ccsv8\tools\compiler\ti-cgt-msp430_18.1.1.LTS\lib\</path>
         <kind>archive</kind>
         <file>rts430_eabi.lib</file>
         <name>div16s.asm.obj</name>
      </input_file>
      <input_file id="fl-20">
         <path>C:\CCStudio_v8\ccsv8\tools\compiler\ti-cgt-msp430_18.1.1.LTS\lib\</path>
         <kind>archive</kind>
         <file>rts430_eabi.lib</file>
         <name>div16u.asm.obj</name>
      </input_file>
      <input_file id="fl-21">
         <path>C:\CCStudio_v8\ccsv8\tools\compiler\ti-cgt-msp430_18.1.1.LTS\lib\</path>
         <kind>archive</kind>
         <file>rts430_eabi.lib</file>
         <name>epilog.asm.obj</name>
      </input_file>
      <input_file id="fl-22">
         <path>C:\CCStudio_v8\ccsv8\tools\compiler\ti-cgt-msp430_18.1.1.LTS\lib\</path>
         <kind>archive</kind>
         <file>rts430_eabi.lib</file>
         <name>fs_add.asm.obj</name>
      </input_file>
      <input_file id="fl-23">
         <path>C:\CCStudio_v8\ccsv8\tools\compiler\ti-cgt-msp430_18.1.1.LTS\lib\</path>
         <kind>archive</kind>
         <file>rts430_eabi.lib</file>
         <name>fs_cmp.asm.obj</name>
      </input_file>
      <input_file id="fl-24">
         <path>C:\CCStudio_v8\ccsv8\tools\compiler\ti-cgt-msp430_18.1.1.LTS\lib\</path>
         <kind>archive</kind>
         <file>rts430_eabi.lib</file>
         <name>fs_itof.asm.obj</name>
      </input_file>
      <input_file id="fl-25">
         <path>C:\CCStudio_v8\ccsv8\tools\compiler\ti-cgt-msp430_18.1.1.LTS\lib\</path>
         <kind>archive</kind>
         <file>rts430_eabi.lib</file>
         <name>fs_mpy.asm.obj</name>
      </input_file>
      <input_file id="fl-26">
         <path>C:\CCStudio_v8\ccsv8\tools\compiler\ti-cgt-msp430_18.1.1.LTS\lib\</path>
         <kind>archive</kind>
         <file>rts430_eabi.lib</file>
         <name>fs_toi.asm.obj</name>
      </input_file>
      <input_file id="fl-27">
         <path>C:\CCStudio_v8\ccsv8\tools\compiler\ti-cgt-msp430_18.1.1.LTS\lib\</path>
         <kind>archive</kind>
         <file>rts430_eabi.lib</file>
         <name>int02.asm.obj</name>
      </input_file>
      <input_file id="fl-28">
         <path>C:\CCStudio_v8\ccsv8\tools\compiler\ti-cgt-msp430_18.1.1.LTS\lib\</path>
         <kind>archive</kind>
         <file>rts430_eabi.lib</file>
         <name>int08.asm.obj</name>
      </input_file>
      <input_file id="fl-29">
         <path>C:\CCStudio_v8\ccsv8\tools\compiler\ti-cgt-msp430_18.1.1.LTS\lib\</path>
         <kind>archive</kind>
         <file>rts430_eabi.lib</file>
         <name>int10.asm.obj</name>
      </input_file>
      <input_file id="fl-2a">
         <path>C:\CCStudio_v8\ccsv8\tools\compiler\ti-cgt-msp430_18.1.1.LTS\lib\</path>
         <kind>archive</kind>
         <file>rts430_eabi.lib</file>
         <name>int12.asm.obj</name>
      </input_file>
      <input_file id="fl-2b">
         <path>C:\CCStudio_v8\ccsv8\tools\compiler\ti-cgt-msp430_18.1.1.LTS\lib\</path>
         <kind>archive</kind>
         <file>rts430_eabi.lib</file>
         <name>int13.asm.obj</name>
      </input_file>
      <input_file id="fl-2c">
         <path>C:\CCStudio_v8\ccsv8\tools\compiler\ti-cgt-msp430_18.1.1.LTS\lib\</path>
         <kind>archive</kind>
         <file>rts430_eabi.lib</file>
         <name>int14.asm.obj</name>
      </input_file>
      <input_file id="fl-2d">
         <path>C:\CCStudio_v8\ccsv8\tools\compiler\ti-cgt-msp430_18.1.1.LTS\lib\</path>
         <kind>archive</kind>
         <file>rts430_eabi.lib</file>
         <name>isr_trap.asm.obj</name>
      </input_file>
      <input_file id="fl-2e">
         <path>C:\CCStudio_v8\ccsv8\tools\compiler\ti-cgt-msp430_18.1.1.LTS\lib\</path>
         <kind>archive</kind>
         <file>rts430_eabi.lib</file>
         <name>lsl16.asm.obj</name>
      </input_file>
      <input_file id="fl-2f">
         <path>C:\CCStudio_v8\ccsv8\tools\compiler\ti-cgt-msp430_18.1.1.LTS\lib\</path>
         <kind>archive</kind>
         <file>rts430_eabi.lib</file>
         <name>lsl32.asm.obj</name>
      </input_file>
      <input_file id="fl-30">
         <path>C:\CCStudio_v8\ccsv8\tools\compiler\ti-cgt-msp430_18.1.1.LTS\lib\</path>
         <kind>archive</kind>
         <file>rts430_eabi.lib</file>
         <name>lsr16.asm.obj</name>
      </input_file>
      <input_file id="fl-31">
         <path>C:\CCStudio_v8\ccsv8\tools\compiler\ti-cgt-msp430_18.1.1.LTS\lib\</path>
         <kind>archive</kind>
         <file>rts430_eabi.lib</file>
         <name>lsr32.asm.obj</name>
      </input_file>
      <input_file id="fl-32">
         <path>C:\CCStudio_v8\ccsv8\tools\compiler\ti-cgt-msp430_18.1.1.LTS\lib\</path>
         <kind>archive</kind>
         <file>rts430_eabi.lib</file>
         <name>boot.c.obj</name>
      </input_file>
      <input_file id="fl-33">
         <path>C:\CCStudio_v8\ccsv8\tools\compiler\ti-cgt-msp430_18.1.1.LTS\lib\</path>
         <kind>archive</kind>
         <file>rts430_eabi.lib</file>
         <name>autoinit.c.obj</name>
      </input_file>
      <input_file id="fl-34">
         <path>C:\CCStudio_v8\ccsv8\tools\compiler\ti-cgt-msp430_18.1.1.LTS\lib\</path>
         <kind>archive</kind>
         <file>rts430_eabi.lib</file>
         <name>copy_zero_init.c.obj</name>
      </input_file>
      <input_file id="fl-35">
         <path>C:\CCStudio_v8\ccsv8\tools\compiler\ti-cgt-msp430_18.1.1.LTS\lib\</path>
         <kind>archive</kind>
         <file>rts430_eabi.lib</file>
         <name>cpy_tbl.c.obj</name>
      </input_file>
      <input_file id="fl-36">
         <path>C:\CCStudio_v8\ccsv8\tools\compiler\ti-cgt-msp430_18.1.1.LTS\lib\</path>
         <kind>archive</kind>
         <file>rts430_eabi.lib</file>
         <name>mpu_init.c.obj</name>
      </input_file>
      <input_file id="fl-37">
         <path>C:\CCStudio_v8\ccsv8\tools\compiler\ti-cgt-msp430_18.1.1.LTS\lib\</path>
         <kind>archive</kind>
         <file>rts430_eabi.lib</file>
         <name>pre_init.c.obj</name>
      </input_file>
      <input_file id="fl-38">
         <path>C:\CCStudio_v8\ccsv8\tools\compiler\ti-cgt-msp430_18.1.1.LTS\lib\</path>
         <kind>archive</kind>
         <file>rts430_eabi.lib</file>
         <name>startup.c.obj</name>
      </input_file>
      <input_file id="fl-39">
         <path>C:\CCStudio_v8\ccsv8\tools\compiler\ti-cgt-msp430_18.1.1.LTS\lib\</path>
         <kind>archive</kind>
         <file>rts430_eabi.lib</file>
         <name>copy_decompress_none.c.obj</name>
      </input_file>
      <input_file id="fl-3a">
         <path>C:\CCStudio_v8\ccsv8\tools\compiler\ti-cgt-msp430_18.1.1.LTS\lib\</path>
         <kind>archive</kind>
         <file>rts430_eabi.lib</file>
         <name>copy_decompress_lzss.c.obj</name>
      </input_file>
      <input_file id="fl-3b">
         <path>C:\CCStudio_v8\ccsv8\tools\compiler\ti-cgt-msp430_18.1.1.LTS\lib\</path>
         <kind>archive</kind>
         <file>rts430_eabi.lib</file>
         <name>addd.c.obj</name>
      </input_file>
      <input_file id="fl-3c">
         <path>C:\CCStudio_v8\ccsv8\tools\compiler\ti-cgt-msp430_18.1.1.LTS\lib\</path>
         <kind>archive</kind>
         <file>rts430_eabi.lib</file>
         <name>cvtfd.c.obj</name>
      </input_file>
      <input_file id="fl-3d">
         <path>C:\CCStudio_v8\ccsv8\tools\compiler\ti-cgt-msp430_18.1.1.LTS\lib\</path>
         <kind>archive</kind>
         <file>rts430_eabi.lib</file>
         <name>divd.c.obj</name>
      </input_file>
      <input_file id="fl-3e">
         <path>C:\CCStudio_v8\ccsv8\tools\compiler\ti-cgt-msp430_18.1.1.LTS\lib\</path>
         <kind>archive</kind>
         <file>rts430_eabi.lib</file>
         <name>fixdi.c.obj</name>
      </input_file>
      <input_file id="fl-3f">
         <path>C:\CCStudio_v8\ccsv8\tools\compiler\ti-cgt-msp430_18.1.1.LTS\lib\</path>
         <kind>archive</kind>
         <file>rts430_eabi.lib</file>
         <name>fixdli.c.obj</name>
      </input_file>
      <input_file id="fl-40">
         <path>C:\CCStudio_v8\ccsv8\tools\compiler\ti-cgt-msp430_18.1.1.LTS\lib\</path>
         <kind>archive</kind>
         <file>rts430_eabi.lib</file>
         <name>fltid.c.obj</name>
      </input_file>
      <input_file id="fl-41">
         <path>C:\CCStudio_v8\ccsv8\tools\compiler\ti-cgt-msp430_18.1.1.LTS\lib\</path>
         <kind>archive</kind>
         <file>rts430_eabi.lib</file>
         <name>fltlid.c.obj</name>
      </input_file>
      <input_file id="fl-42">
         <path>C:\CCStudio_v8\ccsv8\tools\compiler\ti-cgt-msp430_18.1.1.LTS\lib\</path>
         <kind>archive</kind>
         <file>rts430_eabi.lib</file>
         <name>fltuld.c.obj</name>
      </input_file>
      <input_file id="fl-43">
         <path>C:\CCStudio_v8\ccsv8\tools\compiler\ti-cgt-msp430_18.1.1.LTS\lib\</path>
         <kind>archive</kind>
         <file>rts430_eabi.lib</file>
         <name>frcaddd.c.obj</name>
      </input_file>
      <input_file id="fl-44">
         <path>C:\CCStudio_v8\ccsv8\tools\compiler\ti-cgt-msp430_18.1.1.LTS\lib\</path>
         <kind>archive</kind>
         <file>rts430_eabi.lib</file>
         <name>frcdivd.c.obj</name>
      </input_file>
      <input_file id="fl-45">
         <path>C:\CCStudio_v8\ccsv8\tools\compiler\ti-cgt-msp430_18.1.1.LTS\lib\</path>
         <kind>archive</kind>
         <file>rts430_eabi.lib</file>
         <name>mpyd.c.obj</name>
      </input_file>
      <input_file id="fl-46">
         <path>C:\CCStudio_v8\ccsv8\tools\compiler\ti-cgt-msp430_18.1.1.LTS\lib\</path>
         <kind>archive</kind>
         <file>rts430_eabi.lib</file>
         <name>renormd.c.obj</name>
      </input_file>
      <input_file id="fl-47">
         <path>C:\CCStudio_v8\ccsv8\tools\compiler\ti-cgt-msp430_18.1.1.LTS\lib\</path>
         <kind>archive</kind>
         <file>rts430_eabi.lib</file>
         <name>cvtdf.c.obj</name>
      </input_file>
      <input_file id="fl-48">
         <path>C:\CCStudio_v8\ccsv8\tools\compiler\ti-cgt-msp430_18.1.1.LTS\lib\</path>
         <kind>archive</kind>
         <file>rts430_eabi.lib</file>
         <name>exit.c.obj</name>
      </input_file>
      <input_file id="fl-49">
         <path>C:\CCStudio_v8\ccsv8\tools\compiler\ti-cgt-msp430_18.1.1.LTS\lib\</path>
         <kind>archive</kind>
         <file>rts430_eabi.lib</file>
         <name>_lock.c.obj</name>
      </input_file>
      <input_file id="fl-4a">
         <path>C:\CCStudio_v8\ccsv8\tools\compiler\ti-cgt-msp430_18.1.1.LTS\lib\</path>
         <kind>archive</kind>
         <file>rts430_eabi.lib</file>
         <name>args_main.c.obj</name>
      </input_file>
      <input_file id="fl-4b">
         <path>C:\CCStudio_v8\ccsv8\tools\compiler\ti-cgt-msp430_18.1.1.LTS\lib\</path>
         <kind>archive</kind>
         <file>rts430_eabi.lib</file>
         <name>memcpy.c.obj</name>
      </input_file>
      <input_file id="fl-4c">
         <path>C:\CCStudio_v8\ccsv8\tools\compiler\ti-cgt-msp430_18.1.1.LTS\lib\</path>
         <kind>archive</kind>
         <file>rts430_eabi.lib</file>
         <name>vsprintf.c.obj</name>
      </input_file>
      <input_file id="fl-4d">
         <path>C:\CCStudio_v8\ccsv8\tools\compiler\ti-cgt-msp430_18.1.1.LTS\lib\</path>
         <kind>archive</kind>
         <file>rts430_eabi.lib</file>
         <name>asr32.asm.obj</name>
      </input_file>
      <input_file id="fl-4e">
         <path>C:\CCStudio_v8\ccsv8\tools\compiler\ti-cgt-msp430_18.1.1.LTS\lib\</path>
         <kind>archive</kind>
         <file>rts430_eabi.lib</file>
         <name>mult16.asm.obj</name>
      </input_file>
      <input_file id="fl-4f">
         <path>C:\CCStudio_v8\ccsv8\tools\compiler\ti-cgt-msp430_18.1.1.LTS\lib\</path>
         <kind>archive</kind>
         <file>rts430_eabi.lib</file>
         <name>mult32.asm.obj</name>
      </input_file>
      <input_file id="fl-50">
         <path>C:\CCStudio_v8\ccsv8\tools\compiler\ti-cgt-msp430_18.1.1.LTS\lib\</path>
         <kind>archive</kind>
         <file>rts430_eabi.lib</file>
         <name>exit_gvars.c.obj</name>
      </input_file>
      <input_file id="fl-51">
         <path>C:\CCStudio_v8\ccsv8\tools\compiler\ti-cgt-msp430_18.1.1.LTS\lib\</path>
         <kind>archive</kind>
         <file>rts430_eabi.lib</file>
         <name>lsr64.c.obj</name>
      </input_file>
      <input_file id="fl-52">
         <path>C:\CCStudio_v8\ccsv8\tools\compiler\ti-cgt-msp430_18.1.1.LTS\lib\</path>
         <kind>archive</kind>
         <file>rts430_eabi.lib</file>
         <name>frcmpyd.c.obj</name>
      </input_file>
      <input_file id="fl-53">
         <path>C:\CCStudio_v8\ccsv8\tools\compiler\ti-cgt-msp430_18.1.1.LTS\lib\</path>
         <kind>archive</kind>
         <file>rts430_eabi.lib</file>
         <name>_printfi.c.obj</name>
      </input_file>
      <input_file id="fl-54">
         <path>C:\CCStudio_v8\ccsv8\tools\compiler\ti-cgt-msp430_18.1.1.LTS\lib\</path>
         <kind>archive</kind>
         <file>rts430_eabi.lib</file>
         <name>atoi.c.obj</name>
      </input_file>
      <input_file id="fl-55">
         <path>C:\CCStudio_v8\ccsv8\tools\compiler\ti-cgt-msp430_18.1.1.LTS\lib\</path>
         <kind>archive</kind>
         <file>rts430_eabi.lib</file>
         <name>ctype.c.obj</name>
      </input_file>
      <input_file id="fl-56">
         <path>C:\CCStudio_v8\ccsv8\tools\compiler\ti-cgt-msp430_18.1.1.LTS\lib\</path>
         <kind>archive</kind>
         <file>rts430_eabi.lib</file>
         <name>ltoa.c.obj</name>
      </input_file>
      <input_file id="fl-57">
         <path>C:\CCStudio_v8\ccsv8\tools\compiler\ti-cgt-msp430_18.1.1.LTS\lib\</path>
         <kind>archive</kind>
         <file>rts430_eabi.lib</file>
         <name>memccpy.c.obj</name>
      </input_file>
      <input_file id="fl-58">
         <path>C:\CCStudio_v8\ccsv8\tools\compiler\ti-cgt-msp430_18.1.1.LTS\lib\</path>
         <kind>archive</kind>
         <file>rts430_eabi.lib</file>
         <name>memset.c.obj</name>
      </input_file>
      <input_file id="fl-59">
         <path>C:\CCStudio_v8\ccsv8\tools\compiler\ti-cgt-msp430_18.1.1.LTS\lib\</path>
         <kind>archive</kind>
         <file>rts430_eabi.lib</file>
         <name>strchr.c.obj</name>
      </input_file>
      <input_file id="fl-5a">
         <path>C:\CCStudio_v8\ccsv8\tools\compiler\ti-cgt-msp430_18.1.1.LTS\lib\</path>
         <kind>archive</kind>
         <file>rts430_eabi.lib</file>
         <name>strlen.c.obj</name>
      </input_file>
      <input_file id="fl-5b">
         <path>C:\CCStudio_v8\ccsv8\tools\compiler\ti-cgt-msp430_18.1.1.LTS\lib\</path>
         <kind>archive</kind>
         <file>rts430_eabi.lib</file>
         <name>toupper.c.obj</name>
      </input_file>
      <input_file id="fl-5c">
         <path>C:\CCStudio_v8\ccsv8\tools\compiler\ti-cgt-msp430_18.1.1.LTS\lib\</path>
         <kind>archive</kind>
         <file>rts430_eabi.lib</file>
         <name>wcslen.c.obj</name>
      </input_file>
      <input_file id="fl-5d">
         <path>C:\CCStudio_v8\ccsv8\tools\compiler\ti-cgt-msp430_18.1.1.LTS\lib\</path>
         <kind>archive</kind>
         <file>rts430_eabi.lib</file>
         <name>s_frexp.c.obj</name>
      </input_file>
      <input_file id="fl-5e">
         <path>C:\CCStudio_v8\ccsv8\tools\compiler\ti-cgt-msp430_18.1.1.LTS\lib\</path>
         <kind>archive</kind>
         <file>rts430_eabi.lib</file>
         <name>s_scalbn.c.obj</name>
      </input_file>
      <input_file id="fl-5f">
         <path>C:\CCStudio_v8\ccsv8\tools\compiler\ti-cgt-msp430_18.1.1.LTS\lib\</path>
         <kind>archive</kind>
         <file>rts430_eabi.lib</file>
         <name>s_copysign.c.obj</name>
      </input_file>
      <input_file id="fl-60">
         <path>C:\CCStudio_v8\ccsv8\tools\compiler\ti-cgt-msp430_18.1.1.LTS\lib\</path>
         <kind>archive</kind>
         <file>rts430_eabi.lib</file>
         <name>div32s.asm.obj</name>
      </input_file>
      <input_file id="fl-61">
         <path>C:\CCStudio_v8\ccsv8\tools\compiler\ti-cgt-msp430_18.1.1.LTS\lib\</path>
         <kind>archive</kind>
         <file>rts430_eabi.lib</file>
         <name>div32u.asm.obj</name>
      </input_file>
      <input_file id="fl-62">
         <path>C:\CCStudio_v8\ccsv8\tools\compiler\ti-cgt-msp430_18.1.1.LTS\lib\</path>
         <kind>archive</kind>
         <file>rts430_eabi.lib</file>
         <name>div64u.c.obj</name>
      </input_file>
      <input_file id="fl-63">
         <path>C:\CCStudio_v8\ccsv8\tools\compiler\ti-cgt-msp430_18.1.1.LTS\lib\</path>
         <kind>archive</kind>
         <file>rts430_eabi.lib</file>
         <name>cmpd.c.obj</name>
      </input_file>
      <input_file id="fl-64">
         <path>C:\CCStudio_v8\ccsv8\tools\compiler\ti-cgt-msp430_18.1.1.LTS\lib\</path>
         <kind>archive</kind>
         <file>rts430_eabi.lib</file>
         <name>negd.c.obj</name>
      </input_file>
      <input_file id="fl-65">
         <path>C:\CCStudio_v8\ccsv8\tools\compiler\ti-cgt-msp430_18.1.1.LTS\lib\</path>
         <kind>archive</kind>
         <file>rts430_eabi.lib</file>
         <name>subd.c.obj</name>
      </input_file>
      <input_file id="fl-66">
         <path>C:\CCStudio_v8\ccsv8\tools\compiler\ti-cgt-msp430_18.1.1.LTS\lib\</path>
         <kind>archive</kind>
         <file>rts430_eabi.lib</file>
         <name>errno.c.obj</name>
      </input_file>
      <input_file id="fl-67">
         <path>C:\CCStudio_v8\ccsv8\tools\compiler\ti-cgt-msp430_18.1.1.LTS\lib\</path>
         <kind>archive</kind>
         <file>rts430_eabi.lib</file>
         <name>abs.c.obj</name>
      </input_file>
      <input_file id="fl-68">
         <path>C:\CCStudio_v8\ccsv8\tools\compiler\ti-cgt-msp430_18.1.1.LTS\lib\</path>
         <kind>archive</kind>
         <file>rts430_eabi.lib</file>
         <name>lsl64.c.obj</name>
      </input_file>
   </input_file_list>
   <object_component_list>
      <object_component id="oc-189">
         <name>.common:txbuff</name>
         <uninitialized>true</uninitialized>
         <run_address>0x234</run_address>
         <size>0x34</size>
      </object_component>
      <object_component id="oc-194">
         <name>.common:rxbuff</name>
         <uninitialized>true</uninitialized>
         <run_address>0x200</run_address>
         <size>0x34</size>
      </object_component>
      <object_component id="oc-18c">
         <name>.common:printbuff</name>
         <uninitialized>true</uninitialized>
         <run_address>0x268</run_address>
         <size>0x32</size>
      </object_component>
      <object_component id="oc-186">
         <name>.data</name>
         <load_address>0x2d8</load_address>
         <run_address>0x2d8</run_address>
         <size>0x6</size>
         <input_file_ref idref="fl-2"/>
      </object_component>
      <object_component id="oc-148">
         <name>.data</name>
         <load_address>0x29a</load_address>
         <run_address>0x29a</run_address>
         <size>0x3e</size>
         <input_file_ref idref="fl-3"/>
      </object_component>
      <object_component id="oc-3a8">
         <name>.data</name>
         <load_address>0x2de</load_address>
         <run_address>0x2de</run_address>
         <size>0x2</size>
         <input_file_ref idref="fl-66"/>
      </object_component>
      <object_component id="oc-a4">
         <name>.stack</name>
         <uninitialized>true</uninitialized>
         <run_address>0x5b0</run_address>
         <size>0x2</size>
         <input_file_ref idref="fl-32"/>
      </object_component>
      <object_component id="oc-51f">
         <name>.stack</name>
         <uninitialized>true</uninitialized>
         <run_address>0x5b0</run_address>
         <size>0x0</size>
      </object_component>
      <object_component id="oc-345">
         <name>.text:__TI_frcdivd</name>
         <load_address>0x8000</load_address>
         <run_address>0x8000</run_address>
         <size>0x478</size>
         <input_file_ref idref="fl-44"/>
      </object_component>
      <object_component id="oc-42f">
         <name>.text:__mspabi_divull</name>
         <load_address>0x8478</load_address>
         <run_address>0x8478</run_address>
         <size>0x360</size>
         <input_file_ref idref="fl-62"/>
      </object_component>
      <object_component id="oc-179">
         <name>.text:__mspabi_addd</name>
         <load_address>0x87d8</load_address>
         <run_address>0x87d8</run_address>
         <size>0x2fa</size>
         <input_file_ref idref="fl-3b"/>
      </object_component>
      <object_component id="oc-27a">
         <name>.text:__TI_printfi</name>
         <load_address>0x8ad2</load_address>
         <run_address>0x8ad2</run_address>
         <size>0x288</size>
         <input_file_ref idref="fl-53"/>
      </object_component>
      <object_component id="oc-1ff">
         <name>.text:__TI_frcmpyd</name>
         <load_address>0x8d5a</load_address>
         <run_address>0x8d5a</run_address>
         <size>0x286</size>
         <input_file_ref idref="fl-52"/>
      </object_component>
      <object_component id="oc-173">
         <name>.text:__mspabi_mpyd</name>
         <load_address>0x8fe0</load_address>
         <run_address>0x8fe0</run_address>
         <size>0x26e</size>
         <input_file_ref idref="fl-45"/>
      </object_component>
      <object_component id="oc-20c">
         <name>.text:__TI_frcaddd</name>
         <load_address>0x924e</load_address>
         <run_address>0x924e</run_address>
         <size>0x260</size>
         <input_file_ref idref="fl-43"/>
      </object_component>
      <object_component id="oc-31a">
         <name>.text:_setfield</name>
         <load_address>0x94ae</load_address>
         <run_address>0x94ae</run_address>
         <size>0x252</size>
         <input_file_ref idref="fl-53"/>
      </object_component>
      <object_component id="oc-46b">
         <name>.text:acvt</name>
         <load_address>0x9700</load_address>
         <run_address>0x9700</run_address>
         <size>0x244</size>
         <input_file_ref idref="fl-53"/>
      </object_component>
      <object_component id="oc-2c2">
         <name>.text:__mspabi_divd</name>
         <load_address>0x9944</load_address>
         <run_address>0x9944</run_address>
         <size>0x238</size>
         <input_file_ref idref="fl-3d"/>
      </object_component>
      <object_component id="oc-394">
         <name>.text:_pproc_fgea</name>
         <load_address>0x9b7c</load_address>
         <run_address>0x9b7c</run_address>
         <size>0x224</size>
         <input_file_ref idref="fl-53"/>
      </object_component>
      <object_component id="oc-3dd">
         <name>.text:_getarg_diouxp</name>
         <load_address>0x9da0</load_address>
         <run_address>0x9da0</run_address>
         <size>0x1ec</size>
         <input_file_ref idref="fl-53"/>
      </object_component>
      <object_component id="oc-444">
         <name>.text:ecvt</name>
         <load_address>0x9f8c</load_address>
         <run_address>0x9f8c</run_address>
         <size>0x1de</size>
         <input_file_ref idref="fl-53"/>
      </object_component>
      <object_component id="oc-457">
         <name>.text:fcvt</name>
         <load_address>0xa16a</load_address>
         <run_address>0xa16a</run_address>
         <size>0x1c4</size>
         <input_file_ref idref="fl-53"/>
      </object_component>
      <object_component id="oc-402">
         <name>.text:_pconv_e</name>
         <load_address>0xa32e</load_address>
         <run_address>0xa32e</run_address>
         <size>0x1a6</size>
         <input_file_ref idref="fl-53"/>
      </object_component>
      <object_component id="oc-408">
         <name>.text:_pconv_a</name>
         <load_address>0xa4d4</load_address>
         <run_address>0xa4d4</run_address>
         <size>0x174</size>
         <input_file_ref idref="fl-53"/>
      </object_component>
      <object_component id="oc-4ad">
         <name>.text:scalbn</name>
         <load_address>0xa648</load_address>
         <run_address>0xa648</run_address>
         <size>0x16a</size>
         <input_file_ref idref="fl-5e"/>
      </object_component>
      <object_component id="oc-38e">
         <name>.text:_pproc_diouxp</name>
         <load_address>0xa7b2</load_address>
         <run_address>0xa7b2</run_address>
         <size>0x14c</size>
         <input_file_ref idref="fl-53"/>
      </object_component>
      <object_component id="oc-1a5">
         <name>.text:main</name>
         <load_address>0xa8fe</load_address>
         <run_address>0xa8fe</run_address>
         <size>0x134</size>
         <input_file_ref idref="fl-3"/>
      </object_component>
      <object_component id="oc-2d3">
         <name>.text</name>
         <load_address>0xaa32</load_address>
         <run_address>0xaa32</run_address>
         <size>0x132</size>
         <input_file_ref idref="fl-22"/>
      </object_component>
      <object_component id="oc-3e3">
         <name>.text:_ltostr</name>
         <load_address>0xab64</load_address>
         <run_address>0xab64</run_address>
         <size>0x12e</size>
         <input_file_ref idref="fl-53"/>
      </object_component>
      <object_component id="oc-228">
         <name>.text:Init_UART</name>
         <load_address>0xac92</load_address>
         <run_address>0xac92</run_address>
         <size>0x120</size>
         <input_file_ref idref="fl-2"/>
      </object_component>
      <object_component id="oc-da">
         <name>.text:ADC10_ISR</name>
         <load_address>0xadb2</load_address>
         <run_address>0xadb2</run_address>
         <size>0x11e</size>
         <input_file_ref idref="fl-3"/>
      </object_component>
      <object_component id="oc-3f6">
         <name>.text:_pconv_g</name>
         <load_address>0xaed0</load_address>
         <run_address>0xaed0</run_address>
         <size>0xf8</size>
         <input_file_ref idref="fl-53"/>
      </object_component>
      <object_component id="oc-314">
         <name>.text:_pproc_fwp</name>
         <load_address>0xafc8</load_address>
         <run_address>0xafc8</run_address>
         <size>0xf8</size>
         <input_file_ref idref="fl-53"/>
      </object_component>
      <object_component id="oc-40e">
         <name>.text:__mspabi_cmpd</name>
         <load_address>0xb0c0</load_address>
         <run_address>0xb0c0</run_address>
         <size>0xdc</size>
         <input_file_ref idref="fl-63"/>
      </object_component>
      <object_component id="oc-e0">
         <name>.text:USCI0TX_ISR</name>
         <load_address>0xb19c</load_address>
         <run_address>0xb19c</run_address>
         <size>0xd8</size>
         <input_file_ref idref="fl-3"/>
      </object_component>
      <object_component id="oc-326">
         <name>.text:_pproc_wstr</name>
         <load_address>0xb274</load_address>
         <run_address>0xb274</run_address>
         <size>0xc4</size>
         <input_file_ref idref="fl-53"/>
      </object_component>
      <object_component id="oc-158">
         <name>.text</name>
         <load_address>0xb338</load_address>
         <run_address>0xb338</run_address>
         <size>0xc4</size>
         <input_file_ref idref="fl-25"/>
      </object_component>
      <object_component id="oc-2b1">
         <name>.text:__TI_renormd</name>
         <load_address>0xb3fc</load_address>
         <run_address>0xb3fc</run_address>
         <size>0xbe</size>
         <input_file_ref idref="fl-46"/>
      </object_component>
      <object_component id="oc-18d">
         <name>.text:setTargetValue</name>
         <load_address>0xb4ba</load_address>
         <run_address>0xb4ba</run_address>
         <size>0xb6</size>
         <input_file_ref idref="fl-3"/>
      </object_component>
      <object_component id="oc-465">
         <name>.text:frexp</name>
         <load_address>0xb570</load_address>
         <run_address>0xb570</run_address>
         <size>0xb0</size>
         <input_file_ref idref="fl-5d"/>
      </object_component>
      <object_component id="oc-1e1">
         <name>.text:__mspabi_fltlid</name>
         <load_address>0xb620</load_address>
         <run_address>0xb620</run_address>
         <size>0xac</size>
         <input_file_ref idref="fl-41"/>
      </object_component>
      <object_component id="oc-320">
         <name>.text:_pproc_str</name>
         <load_address>0xb6cc</load_address>
         <run_address>0xb6cc</run_address>
         <size>0xac</size>
         <input_file_ref idref="fl-53"/>
      </object_component>
      <object_component id="oc-e6">
         <name>.text:USCI0RX_ISR</name>
         <load_address>0xb778</load_address>
         <run_address>0xb778</run_address>
         <size>0xa6</size>
         <input_file_ref idref="fl-3"/>
      </object_component>
      <object_component id="oc-d4">
         <name>.text:Port_2</name>
         <load_address>0xb81e</load_address>
         <run_address>0xb81e</run_address>
         <size>0xa4</size>
         <input_file_ref idref="fl-3"/>
      </object_component>
      <object_component id="oc-450">
         <name>.text:_mcpy</name>
         <load_address>0xb8c2</load_address>
         <run_address>0xb8c2</run_address>
         <size>0x92</size>
         <input_file_ref idref="fl-53"/>
      </object_component>
      <object_component id="oc-44a">
         <name>.text:_ecpy</name>
         <load_address>0xb954</load_address>
         <run_address>0xb954</run_address>
         <size>0x8e</size>
         <input_file_ref idref="fl-53"/>
      </object_component>
      <object_component id="oc-2c8">
         <name>.text:__mspabi_cvtdf</name>
         <load_address>0xb9e2</load_address>
         <run_address>0xb9e2</run_address>
         <size>0x8c</size>
         <input_file_ref idref="fl-47"/>
      </object_component>
      <object_component id="oc-2bc">
         <name>.text:__mspabi_fltuld</name>
         <load_address>0xba6e</load_address>
         <run_address>0xba6e</run_address>
         <size>0x8a</size>
         <input_file_ref idref="fl-42"/>
      </object_component>
      <object_component id="oc-48f">
         <name>.text:ltoa</name>
         <load_address>0xbaf8</load_address>
         <run_address>0xbaf8</run_address>
         <size>0x84</size>
         <input_file_ref idref="fl-56"/>
      </object_component>
      <object_component id="oc-2e">
         <name>.text:decompress:lzss:__TI_decompress_lzss</name>
         <load_address>0xbb7c</load_address>
         <run_address>0xbb7c</run_address>
         <size>0x7c</size>
         <input_file_ref idref="fl-3a"/>
      </object_component>
      <object_component id="oc-3fc">
         <name>.text:_pconv_f</name>
         <load_address>0xbbf8</load_address>
         <run_address>0xbbf8</run_address>
         <size>0x7a</size>
         <input_file_ref idref="fl-53"/>
      </object_component>
      <object_component id="oc-168">
         <name>.text:__mspabi_cvtfd</name>
         <load_address>0xbc72</load_address>
         <run_address>0xbc72</run_address>
         <size>0x72</size>
         <input_file_ref idref="fl-3c"/>
      </object_component>
      <object_component id="oc-214">
         <name>.text:__mspabi_fixdli</name>
         <load_address>0xbce4</load_address>
         <run_address>0xbce4</run_address>
         <size>0x72</size>
         <input_file_ref idref="fl-3f"/>
      </object_component>
      <object_component id="oc-15d">
         <name>.text</name>
         <load_address>0xbd56</load_address>
         <run_address>0xbd56</run_address>
         <size>0x68</size>
         <input_file_ref idref="fl-26"/>
      </object_component>
      <object_component id="oc-28d">
         <name>.text:l_lsr_const</name>
         <load_address>0xbdbe</load_address>
         <run_address>0xbdbe</run_address>
         <size>0x5c</size>
         <input_file_ref idref="fl-31"/>
      </object_component>
      <object_component id="oc-435">
         <name>.text</name>
         <load_address>0xbe1a</load_address>
         <run_address>0xbe1a</run_address>
         <size>0x58</size>
         <input_file_ref idref="fl-61"/>
      </object_component>
      <object_component id="oc-386">
         <name>.text:atoi</name>
         <load_address>0xbe72</load_address>
         <run_address>0xbe72</run_address>
         <size>0x52</size>
         <input_file_ref idref="fl-54"/>
      </object_component>
      <object_component id="oc-45d">
         <name>.text:_fcpy</name>
         <load_address>0xbec4</load_address>
         <run_address>0xbec4</run_address>
         <size>0x4e</size>
         <input_file_ref idref="fl-53"/>
      </object_component>
      <object_component id="oc-ad">
         <name>.text</name>
         <load_address>0xbf12</load_address>
         <run_address>0xbf12</run_address>
         <size>0x4c</size>
         <input_file_ref idref="fl-30"/>
      </object_component>
      <object_component id="oc-2ce">
         <name>.text</name>
         <load_address>0xbf5e</load_address>
         <run_address>0xbf5e</run_address>
         <size>0x4a</size>
         <input_file_ref idref="fl-23"/>
      </object_component>
      <object_component id="oc-43a">
         <name>.text:__mspabi_srlll</name>
         <load_address>0xbfa8</load_address>
         <run_address>0xbfa8</run_address>
         <size>0x46</size>
         <input_file_ref idref="fl-51"/>
      </object_component>
      <object_component id="oc-483">
         <name>.text:__mspabi_sllll</name>
         <load_address>0xbfee</load_address>
         <run_address>0xbfee</run_address>
         <size>0x44</size>
         <input_file_ref idref="fl-68"/>
      </object_component>
      <object_component id="oc-23b">
         <name>.text:__TI_auto_init_nobinit_nopinit:__TI_auto_init_nobinit_nopinit</name>
         <load_address>0xc032</load_address>
         <run_address>0xc032</run_address>
         <size>0x42</size>
         <input_file_ref idref="fl-33"/>
      </object_component>
      <object_component id="oc-4bd">
         <name>.text</name>
         <load_address>0xc074</load_address>
         <run_address>0xc074</run_address>
         <size>0x40</size>
         <input_file_ref idref="fl-60"/>
      </object_component>
      <object_component id="oc-1ed">
         <name>.text:l_asr_const</name>
         <load_address>0xc0b4</load_address>
         <run_address>0xc0b4</run_address>
         <size>0x3e</size>
         <input_file_ref idref="fl-4d"/>
      </object_component>
      <object_component id="oc-288">
         <name>.text:l_lsl_const</name>
         <load_address>0xc0f2</load_address>
         <run_address>0xc0f2</run_address>
         <size>0x3e</size>
         <input_file_ref idref="fl-2f"/>
      </object_component>
      <object_component id="oc-153">
         <name>.text</name>
         <load_address>0xc130</load_address>
         <run_address>0xc130</run_address>
         <size>0x36</size>
         <input_file_ref idref="fl-24"/>
      </object_component>
      <object_component id="oc-1cc">
         <name>.text:vsprintf</name>
         <load_address>0xc166</load_address>
         <run_address>0xc166</run_address>
         <size>0x34</size>
         <input_file_ref idref="fl-4c"/>
      </object_component>
      <object_component id="oc-495">
         <name>.text:__mspabi_subd</name>
         <load_address>0xc19a</load_address>
         <run_address>0xc19a</run_address>
         <size>0x2e</size>
         <input_file_ref idref="fl-65"/>
      </object_component>
      <object_component id="oc-4cd">
         <name>.text:copysign</name>
         <load_address>0xc1c8</load_address>
         <run_address>0xc1c8</run_address>
         <size>0x2e</size>
         <input_file_ref idref="fl-5f"/>
      </object_component>
      <object_component id="oc-1d2">
         <name>.text:sendchars</name>
         <load_address>0xc1f6</load_address>
         <run_address>0xc1f6</run_address>
         <size>0x2e</size>
         <input_file_ref idref="fl-2"/>
      </object_component>
      <object_component id="oc-1e8">
         <name>.text</name>
         <load_address>0xc224</load_address>
         <run_address>0xc224</run_address>
         <size>0x2c</size>
         <input_file_ref idref="fl-1e"/>
      </object_component>
      <object_component id="oc-16e">
         <name>.text</name>
         <load_address>0xc250</load_address>
         <run_address>0xc250</run_address>
         <size>0x2c</size>
         <input_file_ref idref="fl-1f"/>
      </object_component>
      <object_component id="oc-a8">
         <name>.text</name>
         <load_address>0xc27c</load_address>
         <run_address>0xc27c</run_address>
         <size>0x2c</size>
         <input_file_ref idref="fl-2e"/>
      </object_component>
      <object_component id="oc-3f0">
         <name>.text:__mspabi_negd</name>
         <load_address>0xc2a8</load_address>
         <run_address>0xc2a8</run_address>
         <size>0x2a</size>
         <input_file_ref idref="fl-64"/>
      </object_component>
      <object_component id="oc-17f">
         <name>.text:__mspabi_fixdi</name>
         <load_address>0xc2d2</load_address>
         <run_address>0xc2d2</run_address>
         <size>0x28</size>
         <input_file_ref idref="fl-3e"/>
      </object_component>
      <object_component id="oc-299">
         <name>.text</name>
         <load_address>0xc2fa</load_address>
         <run_address>0xc2fa</run_address>
         <size>0x26</size>
         <input_file_ref idref="fl-4f"/>
      </object_component>
      <object_component id="oc-104">
         <name>.text:_c_int00_noargs</name>
         <load_address>0xc320</load_address>
         <run_address>0xc320</run_address>
         <size>0x1c</size>
         <input_file_ref idref="fl-32"/>
      </object_component>
      <object_component id="oc-14c">
         <name>.text:UART_printf</name>
         <load_address>0xc33c</load_address>
         <run_address>0xc33c</run_address>
         <size>0x1a</size>
         <input_file_ref idref="fl-2"/>
      </object_component>
      <object_component id="oc-26e">
         <name>.text:_outs</name>
         <load_address>0xc356</load_address>
         <run_address>0xc356</run_address>
         <size>0x1a</size>
         <input_file_ref idref="fl-4c"/>
      </object_component>
      <object_component id="oc-39a">
         <name>.text:memccpy</name>
         <load_address>0xc370</load_address>
         <run_address>0xc370</run_address>
         <size>0x1a</size>
         <input_file_ref idref="fl-57"/>
      </object_component>
      <object_component id="oc-4b3">
         <name>.text:strchr</name>
         <load_address>0xc38a</load_address>
         <run_address>0xc38a</run_address>
         <size>0x1a</size>
         <input_file_ref idref="fl-59"/>
      </object_component>
      <object_component id="oc-1f9">
         <name>.text</name>
         <load_address>0xc3a4</load_address>
         <run_address>0xc3a4</run_address>
         <size>0x16</size>
         <input_file_ref idref="fl-20"/>
      </object_component>
      <object_component id="oc-f2">
         <name>.text:decompress:ZI:__TI_zero_init_nomemset:__TI_zero_init_nomemset</name>
         <load_address>0xc3ba</load_address>
         <run_address>0xc3ba</run_address>
         <size>0x14</size>
         <input_file_ref idref="fl-34"/>
      </object_component>
      <object_component id="oc-380">
         <name>.text:memset</name>
         <load_address>0xc3ce</load_address>
         <run_address>0xc3ce</run_address>
         <size>0x14</size>
         <input_file_ref idref="fl-58"/>
      </object_component>
      <object_component id="oc-372">
         <name>.text</name>
         <load_address>0xc3e2</load_address>
         <run_address>0xc3e2</run_address>
         <size>0x14</size>
         <input_file_ref idref="fl-4e"/>
      </object_component>
      <object_component id="oc-3a2">
         <name>.text:wcslen</name>
         <load_address>0xc3f6</load_address>
         <run_address>0xc3f6</run_address>
         <size>0x14</size>
         <input_file_ref idref="fl-5c"/>
      </object_component>
      <object_component id="oc-274">
         <name>.text:_outc</name>
         <load_address>0xc40a</load_address>
         <run_address>0xc40a</run_address>
         <size>0x12</size>
         <input_file_ref idref="fl-4c"/>
      </object_component>
      <object_component id="oc-34">
         <name>.text:decompress:none:__TI_decompress_none</name>
         <load_address>0xc41c</load_address>
         <run_address>0xc41c</run_address>
         <size>0x12</size>
         <input_file_ref idref="fl-39"/>
      </object_component>
      <object_component id="oc-2a7">
         <name>.text:l_lsr</name>
         <load_address>0xc42e</load_address>
         <run_address>0xc42e</run_address>
         <size>0x12</size>
         <input_file_ref idref="fl-31"/>
      </object_component>
      <object_component id="oc-c2">
         <name>.text:memcpy</name>
         <load_address>0xc440</load_address>
         <run_address>0xc440</run_address>
         <size>0x12</size>
         <input_file_ref idref="fl-4b"/>
      </object_component>
      <object_component id="oc-2ac">
         <name>.text:l_asr</name>
         <load_address>0xc452</load_address>
         <run_address>0xc452</run_address>
         <size>0x10</size>
         <input_file_ref idref="fl-4d"/>
      </object_component>
      <object_component id="oc-2a2">
         <name>.text:l_lsl</name>
         <load_address>0xc462</load_address>
         <run_address>0xc462</run_address>
         <size>0x10</size>
         <input_file_ref idref="fl-2f"/>
      </object_component>
      <object_component id="oc-b2">
         <name>.text</name>
         <load_address>0xc472</load_address>
         <run_address>0xc472</run_address>
         <size>0x10</size>
         <input_file_ref idref="fl-21"/>
      </object_component>
      <object_component id="oc-30e">
         <name>.text:strlen</name>
         <load_address>0xc482</load_address>
         <run_address>0xc482</run_address>
         <size>0xe</size>
         <input_file_ref idref="fl-5a"/>
      </object_component>
      <object_component id="oc-ec">
         <name>.text:Timer_A</name>
         <load_address>0xc490</load_address>
         <run_address>0xc490</run_address>
         <size>0xc</size>
         <input_file_ref idref="fl-3"/>
      </object_component>
      <object_component id="oc-162">
         <name>.text:__mspabi_fltid</name>
         <load_address>0xc49c</load_address>
         <run_address>0xc49c</run_address>
         <size>0xc</size>
         <input_file_ref idref="fl-40"/>
      </object_component>
      <object_component id="oc-3ea">
         <name>.text:toupper</name>
         <load_address>0xc4a8</load_address>
         <run_address>0xc4a8</run_address>
         <size>0xc</size>
         <input_file_ref idref="fl-5b"/>
      </object_component>
      <object_component id="oc-49c">
         <name>.text:abs</name>
         <load_address>0xc4b4</load_address>
         <run_address>0xc4b4</run_address>
         <size>0xa</size>
         <input_file_ref idref="fl-67"/>
      </object_component>
      <object_component id="oc-cf">
         <name>.text:_isr:__TI_ISR_TRAP</name>
         <load_address>0xc4be</load_address>
         <run_address>0xc4be</run_address>
         <size>0x8</size>
         <input_file_ref idref="fl-2d"/>
      </object_component>
      <object_component id="oc-22f">
         <name>.text:abort</name>
         <load_address>0xc4c6</load_address>
         <run_address>0xc4c6</run_address>
         <size>0x6</size>
         <input_file_ref idref="fl-48"/>
      </object_component>
      <object_component id="oc-19f">
         <name>.text:_system_pre_init</name>
         <load_address>0xc4cc</load_address>
         <run_address>0xc4cc</run_address>
         <size>0x4</size>
         <input_file_ref idref="fl-37"/>
      </object_component>
      <object_component id="oc-2eb">
         <name>.text:_system_post_cinit</name>
         <load_address>0xc4d0</load_address>
         <run_address>0xc4d0</run_address>
         <size>0x2</size>
         <input_file_ref idref="fl-38"/>
      </object_component>
      <object_component id="oc-51e">
         <name>.cinit..data.load</name>
         <load_address>0xc630</load_address>
         <run_address>0xc630</run_address>
         <size>0x2d</size>
      </object_component>
      <object_component id="oc-51b">
         <name>__TI_handler_table</name>
         <load_address>0xc65e</load_address>
         <run_address>0xc65e</run_address>
         <size>0x6</size>
      </object_component>
      <object_component id="oc-51d">
         <name>.cinit..bss.load</name>
         <load_address>0xc664</load_address>
         <run_address>0xc664</run_address>
         <size>0x4</size>
      </object_component>
      <object_component id="oc-51c">
         <name>__TI_cinit_table</name>
         <load_address>0xc668</load_address>
         <run_address>0xc668</run_address>
         <size>0x8</size>
      </object_component>
      <object_component id="oc-3d8">
         <name>.const:.string:_ctypes_</name>
         <load_address>0xc4d2</load_address>
         <run_address>0xc4d2</run_address>
         <size>0x101</size>
         <input_file_ref idref="fl-55"/>
      </object_component>
      <object_component id="oc-14b">
         <name>.const:.string</name>
         <load_address>0xc5d4</load_address>
         <run_address>0xc5d4</run_address>
         <size>0x36</size>
         <input_file_ref idref="fl-3"/>
      </object_component>
      <object_component id="oc-38d">
         <name>.const:.string</name>
         <load_address>0xc60a</load_address>
         <run_address>0xc60a</run_address>
         <size>0x26</size>
         <input_file_ref idref="fl-53"/>
      </object_component>
      <object_component id="oc-3a">
         <name>.int02</name>
         <load_address>0xffe4</load_address>
         <run_address>0xffe4</run_address>
         <size>0x2</size>
         <input_file_ref idref="fl-27"/>
      </object_component>
      <object_component id="oc-3b">
         <name>.int03</name>
         <load_address>0xffe6</load_address>
         <run_address>0xffe6</run_address>
         <size>0x2</size>
         <input_file_ref idref="fl-3"/>
      </object_component>
      <object_component id="oc-3c">
         <name>.int05</name>
         <load_address>0xffea</load_address>
         <run_address>0xffea</run_address>
         <size>0x2</size>
         <input_file_ref idref="fl-3"/>
      </object_component>
      <object_component id="oc-3d">
         <name>.int06</name>
         <load_address>0xffec</load_address>
         <run_address>0xffec</run_address>
         <size>0x2</size>
         <input_file_ref idref="fl-3"/>
      </object_component>
      <object_component id="oc-3e">
         <name>.int07</name>
         <load_address>0xffee</load_address>
         <run_address>0xffee</run_address>
         <size>0x2</size>
         <input_file_ref idref="fl-3"/>
      </object_component>
      <object_component id="oc-3f">
         <name>.int08</name>
         <load_address>0xfff0</load_address>
         <run_address>0xfff0</run_address>
         <size>0x2</size>
         <input_file_ref idref="fl-28"/>
      </object_component>
      <object_component id="oc-40">
         <name>.int09</name>
         <load_address>0xfff2</load_address>
         <run_address>0xfff2</run_address>
         <size>0x2</size>
         <input_file_ref idref="fl-3"/>
      </object_component>
      <object_component id="oc-41">
         <name>.int10</name>
         <load_address>0xfff4</load_address>
         <run_address>0xfff4</run_address>
         <size>0x2</size>
         <input_file_ref idref="fl-29"/>
      </object_component>
      <object_component id="oc-42">
         <name>.int12</name>
         <load_address>0xfff8</load_address>
         <run_address>0xfff8</run_address>
         <size>0x2</size>
         <input_file_ref idref="fl-2a"/>
      </object_component>
      <object_component id="oc-43">
         <name>.int13</name>
         <load_address>0xfffa</load_address>
         <run_address>0xfffa</run_address>
         <size>0x2</size>
         <input_file_ref idref="fl-2b"/>
      </object_component>
      <object_component id="oc-44">
         <name>.int14</name>
         <load_address>0xfffc</load_address>
         <run_address>0xfffc</run_address>
         <size>0x2</size>
         <input_file_ref idref="fl-2c"/>
      </object_component>
      <object_component id="oc-a7">
         <name>.reset</name>
         <load_address>0xfffe</load_address>
         <run_address>0xfffe</run_address>
         <size>0x2</size>
         <input_file_ref idref="fl-32"/>
      </object_component>
      <object_component id="oc-18a">
         <name>.debug_info</name>
         <load_address>0x0</load_address>
         <run_address>0x0</run_address>
         <size>0x2c8</size>
         <input_file_ref idref="fl-2"/>
      </object_component>
      <object_component id="oc-187">
         <name>.debug_info</name>
         <load_address>0x2c8</load_address>
         <run_address>0x2c8</run_address>
         <size>0x188</size>
         <input_file_ref idref="fl-2"/>
      </object_component>
      <object_component id="oc-1d4">
         <name>.debug_info</name>
         <load_address>0x450</load_address>
         <run_address>0x450</run_address>
         <size>0x12b</size>
         <input_file_ref idref="fl-2"/>
      </object_component>
      <object_component id="oc-14e">
         <name>.debug_info</name>
         <load_address>0x57b</load_address>
         <run_address>0x57b</run_address>
         <size>0x150</size>
         <input_file_ref idref="fl-2"/>
      </object_component>
      <object_component id="oc-229">
         <name>.debug_info</name>
         <load_address>0x6cb</load_address>
         <run_address>0x6cb</run_address>
         <size>0x325</size>
         <input_file_ref idref="fl-2"/>
      </object_component>
      <object_component id="oc-21f">
         <name>.debug_info</name>
         <load_address>0x9f0</load_address>
         <run_address>0x9f0</run_address>
         <size>0x26b</size>
         <input_file_ref idref="fl-2"/>
      </object_component>
      <object_component id="oc-bd">
         <name>.debug_info</name>
         <load_address>0xc5b</load_address>
         <run_address>0xc5b</run_address>
         <size>0x84</size>
         <input_file_ref idref="fl-2"/>
      </object_component>
      <object_component id="oc-283">
         <name>.debug_info</name>
         <load_address>0xcdf</load_address>
         <run_address>0xcdf</run_address>
         <size>0x275</size>
         <input_file_ref idref="fl-2"/>
      </object_component>
      <object_component id="oc-1d9">
         <name>.debug_info</name>
         <load_address>0xf54</load_address>
         <run_address>0xf54</run_address>
         <size>0x2c</size>
         <input_file_ref idref="fl-2"/>
      </object_component>
      <object_component id="oc-149">
         <name>.debug_info</name>
         <load_address>0xf80</load_address>
         <run_address>0xf80</run_address>
         <size>0x4a4</size>
         <input_file_ref idref="fl-3"/>
      </object_component>
      <object_component id="oc-18f">
         <name>.debug_info</name>
         <load_address>0x1424</load_address>
         <run_address>0x1424</run_address>
         <size>0x148</size>
         <input_file_ref idref="fl-3"/>
      </object_component>
      <object_component id="oc-1a7">
         <name>.debug_info</name>
         <load_address>0x156c</load_address>
         <run_address>0x156c</run_address>
         <size>0x11a</size>
         <input_file_ref idref="fl-3"/>
      </object_component>
      <object_component id="oc-e1">
         <name>.debug_info</name>
         <load_address>0x1686</load_address>
         <run_address>0x1686</run_address>
         <size>0x123</size>
         <input_file_ref idref="fl-3"/>
      </object_component>
      <object_component id="oc-e8">
         <name>.debug_info</name>
         <load_address>0x17a9</load_address>
         <run_address>0x17a9</run_address>
         <size>0x110</size>
         <input_file_ref idref="fl-3"/>
      </object_component>
      <object_component id="oc-ee">
         <name>.debug_info</name>
         <load_address>0x18b9</load_address>
         <run_address>0x18b9</run_address>
         <size>0x105</size>
         <input_file_ref idref="fl-3"/>
      </object_component>
      <object_component id="oc-d6">
         <name>.debug_info</name>
         <load_address>0x19be</load_address>
         <run_address>0x19be</run_address>
         <size>0x118</size>
         <input_file_ref idref="fl-3"/>
      </object_component>
      <object_component id="oc-db">
         <name>.debug_info</name>
         <load_address>0x1ad6</load_address>
         <run_address>0x1ad6</run_address>
         <size>0x1eb</size>
         <input_file_ref idref="fl-3"/>
      </object_component>
      <object_component id="oc-1ea">
         <name>.debug_info</name>
         <load_address>0x1cc1</load_address>
         <run_address>0x1cc1</run_address>
         <size>0x118</size>
         <input_file_ref idref="fl-1e"/>
      </object_component>
      <object_component id="oc-171">
         <name>.debug_info</name>
         <load_address>0x1dd9</load_address>
         <run_address>0x1dd9</run_address>
         <size>0x12d</size>
         <input_file_ref idref="fl-1f"/>
      </object_component>
      <object_component id="oc-1fa">
         <name>.debug_info</name>
         <load_address>0x1f06</load_address>
         <run_address>0x1f06</run_address>
         <size>0x119</size>
         <input_file_ref idref="fl-20"/>
      </object_component>
      <object_component id="oc-b5">
         <name>.debug_info</name>
         <load_address>0x201f</load_address>
         <run_address>0x201f</run_address>
         <size>0x126</size>
         <input_file_ref idref="fl-21"/>
      </object_component>
      <object_component id="oc-2d5">
         <name>.debug_info</name>
         <load_address>0x2145</load_address>
         <run_address>0x2145</run_address>
         <size>0x119</size>
         <input_file_ref idref="fl-22"/>
      </object_component>
      <object_component id="oc-2d1">
         <name>.debug_info</name>
         <load_address>0x225e</load_address>
         <run_address>0x225e</run_address>
         <size>0x125</size>
         <input_file_ref idref="fl-23"/>
      </object_component>
      <object_component id="oc-155">
         <name>.debug_info</name>
         <load_address>0x2383</load_address>
         <run_address>0x2383</run_address>
         <size>0x122</size>
         <input_file_ref idref="fl-24"/>
      </object_component>
      <object_component id="oc-15b">
         <name>.debug_info</name>
         <load_address>0x24a5</load_address>
         <run_address>0x24a5</run_address>
         <size>0x119</size>
         <input_file_ref idref="fl-25"/>
      </object_component>
      <object_component id="oc-15f">
         <name>.debug_info</name>
         <load_address>0x25be</load_address>
         <run_address>0x25be</run_address>
         <size>0x12d</size>
         <input_file_ref idref="fl-26"/>
      </object_component>
      <object_component id="oc-d0">
         <name>.debug_info</name>
         <load_address>0x26eb</load_address>
         <run_address>0x26eb</run_address>
         <size>0x107</size>
         <input_file_ref idref="fl-2d"/>
      </object_component>
      <object_component id="oc-a9">
         <name>.debug_info</name>
         <load_address>0x27f2</load_address>
         <run_address>0x27f2</run_address>
         <size>0x118</size>
         <input_file_ref idref="fl-2e"/>
      </object_component>
      <object_component id="oc-2a3">
         <name>.debug_info</name>
         <load_address>0x290a</load_address>
         <run_address>0x290a</run_address>
         <size>0x118</size>
         <input_file_ref idref="fl-2f"/>
      </object_component>
      <object_component id="oc-289">
         <name>.debug_info</name>
         <load_address>0x2a22</load_address>
         <run_address>0x2a22</run_address>
         <size>0x11e</size>
         <input_file_ref idref="fl-2f"/>
      </object_component>
      <object_component id="oc-b0">
         <name>.debug_info</name>
         <load_address>0x2b40</load_address>
         <run_address>0x2b40</run_address>
         <size>0x118</size>
         <input_file_ref idref="fl-30"/>
      </object_component>
      <object_component id="oc-2aa">
         <name>.debug_info</name>
         <load_address>0x2c58</load_address>
         <run_address>0x2c58</run_address>
         <size>0x118</size>
         <input_file_ref idref="fl-31"/>
      </object_component>
      <object_component id="oc-28f">
         <name>.debug_info</name>
         <load_address>0x2d70</load_address>
         <run_address>0x2d70</run_address>
         <size>0x11e</size>
         <input_file_ref idref="fl-31"/>
      </object_component>
      <object_component id="oc-a5">
         <name>.debug_info</name>
         <load_address>0x2e8e</load_address>
         <run_address>0x2e8e</run_address>
         <size>0xf5</size>
         <input_file_ref idref="fl-32"/>
      </object_component>
      <object_component id="oc-105">
         <name>.debug_info</name>
         <load_address>0x2f83</load_address>
         <run_address>0x2f83</run_address>
         <size>0x16f</size>
         <input_file_ref idref="fl-32"/>
      </object_component>
      <object_component id="oc-2f2">
         <name>.debug_info</name>
         <load_address>0x30f2</load_address>
         <run_address>0x30f2</run_address>
         <size>0x472</size>
         <input_file_ref idref="fl-33"/>
      </object_component>
      <object_component id="oc-23d">
         <name>.debug_info</name>
         <load_address>0x3564</load_address>
         <run_address>0x3564</run_address>
         <size>0x1d5</size>
         <input_file_ref idref="fl-33"/>
      </object_component>
      <object_component id="oc-368">
         <name>.debug_info</name>
         <load_address>0x3739</load_address>
         <run_address>0x3739</run_address>
         <size>0x39</size>
         <input_file_ref idref="fl-33"/>
      </object_component>
      <object_component id="oc-379">
         <name>.debug_info</name>
         <load_address>0x3772</load_address>
         <run_address>0x3772</run_address>
         <size>0x2c</size>
         <input_file_ref idref="fl-33"/>
      </object_component>
      <object_component id="oc-2fd">
         <name>.debug_info</name>
         <load_address>0x379e</load_address>
         <run_address>0x379e</run_address>
         <size>0x2c</size>
         <input_file_ref idref="fl-33"/>
      </object_component>
      <object_component id="oc-36d">
         <name>.debug_info</name>
         <load_address>0x37ca</load_address>
         <run_address>0x37ca</run_address>
         <size>0xcd</size>
         <input_file_ref idref="fl-33"/>
      </object_component>
      <object_component id="oc-19d">
         <name>.debug_info</name>
         <load_address>0x3897</load_address>
         <run_address>0x3897</run_address>
         <size>0x1b4</size>
         <input_file_ref idref="fl-34"/>
      </object_component>
      <object_component id="oc-f5">
         <name>.debug_info</name>
         <load_address>0x3a4b</load_address>
         <run_address>0x3a4b</run_address>
         <size>0x1c7</size>
         <input_file_ref idref="fl-34"/>
      </object_component>
      <object_component id="oc-198">
         <name>.debug_info</name>
         <load_address>0x3c12</load_address>
         <run_address>0x3c12</run_address>
         <size>0x46</size>
         <input_file_ref idref="fl-34"/>
      </object_component>
      <object_component id="oc-13b">
         <name>.debug_info</name>
         <load_address>0x3c58</load_address>
         <run_address>0x3c58</run_address>
         <size>0x2c</size>
         <input_file_ref idref="fl-34"/>
      </object_component>
      <object_component id="oc-1a2">
         <name>.debug_info</name>
         <load_address>0x3c84</load_address>
         <run_address>0x3c84</run_address>
         <size>0x148</size>
         <input_file_ref idref="fl-37"/>
      </object_component>
      <object_component id="oc-2ec">
         <name>.debug_info</name>
         <load_address>0x3dcc</load_address>
         <run_address>0x3dcc</run_address>
         <size>0x145</size>
         <input_file_ref idref="fl-38"/>
      </object_component>
      <object_component id="oc-ce">
         <name>.debug_info</name>
         <load_address>0x3f11</load_address>
         <run_address>0x3f11</run_address>
         <size>0x175</size>
         <input_file_ref idref="fl-39"/>
      </object_component>
      <object_component id="oc-35">
         <name>.debug_info</name>
         <load_address>0x4086</load_address>
         <run_address>0x4086</run_address>
         <size>0x1df</size>
         <input_file_ref idref="fl-39"/>
      </object_component>
      <object_component id="oc-c9">
         <name>.debug_info</name>
         <load_address>0x4265</load_address>
         <run_address>0x4265</run_address>
         <size>0x46</size>
         <input_file_ref idref="fl-39"/>
      </object_component>
      <object_component id="oc-140">
         <name>.debug_info</name>
         <load_address>0x42ab</load_address>
         <run_address>0x42ab</run_address>
         <size>0x2c</size>
         <input_file_ref idref="fl-39"/>
      </object_component>
      <object_component id="oc-138">
         <name>.debug_info</name>
         <load_address>0x42d7</load_address>
         <run_address>0x42d7</run_address>
         <size>0x16b</size>
         <input_file_ref idref="fl-3a"/>
      </object_component>
      <object_component id="oc-30">
         <name>.debug_info</name>
         <load_address>0x4442</load_address>
         <run_address>0x4442</run_address>
         <size>0x287</size>
         <input_file_ref idref="fl-3a"/>
      </object_component>
      <object_component id="oc-b8">
         <name>.debug_info</name>
         <load_address>0x46c9</load_address>
         <run_address>0x46c9</run_address>
         <size>0x60</size>
         <input_file_ref idref="fl-3a"/>
      </object_component>
      <object_component id="oc-1c1">
         <name>.debug_info</name>
         <load_address>0x4729</load_address>
         <run_address>0x4729</run_address>
         <size>0x46</size>
         <input_file_ref idref="fl-3a"/>
      </object_component>
      <object_component id="oc-133">
         <name>.debug_info</name>
         <load_address>0x476f</load_address>
         <run_address>0x476f</run_address>
         <size>0x39</size>
         <input_file_ref idref="fl-3a"/>
      </object_component>
      <object_component id="oc-213">
         <name>.debug_info</name>
         <load_address>0x47a8</load_address>
         <run_address>0x47a8</run_address>
         <size>0x19c</size>
         <input_file_ref idref="fl-3b"/>
      </object_component>
      <object_component id="oc-17a">
         <name>.debug_info</name>
         <load_address>0x4944</load_address>
         <run_address>0x4944</run_address>
         <size>0x24c</size>
         <input_file_ref idref="fl-3b"/>
      </object_component>
      <object_component id="oc-206">
         <name>.debug_info</name>
         <load_address>0x4b90</load_address>
         <run_address>0x4b90</run_address>
         <size>0x94</size>
         <input_file_ref idref="fl-3b"/>
      </object_component>
      <object_component id="oc-1f3">
         <name>.debug_info</name>
         <load_address>0x4c24</load_address>
         <run_address>0x4c24</run_address>
         <size>0x15a</size>
         <input_file_ref idref="fl-3c"/>
      </object_component>
      <object_component id="oc-16b">
         <name>.debug_info</name>
         <load_address>0x4d7e</load_address>
         <run_address>0x4d7e</run_address>
         <size>0x1c9</size>
         <input_file_ref idref="fl-3c"/>
      </object_component>
      <object_component id="oc-1f4">
         <name>.debug_info</name>
         <load_address>0x4f47</load_address>
         <run_address>0x4f47</run_address>
         <size>0xdb</size>
         <input_file_ref idref="fl-3c"/>
      </object_component>
      <object_component id="oc-34c">
         <name>.debug_info</name>
         <load_address>0x5022</load_address>
         <run_address>0x5022</run_address>
         <size>0x197</size>
         <input_file_ref idref="fl-3d"/>
      </object_component>
      <object_component id="oc-2c3">
         <name>.debug_info</name>
         <load_address>0x51b9</load_address>
         <run_address>0x51b9</run_address>
         <size>0x27f</size>
         <input_file_ref idref="fl-3d"/>
      </object_component>
      <object_component id="oc-180">
         <name>.debug_info</name>
         <load_address>0x5438</load_address>
         <run_address>0x5438</run_address>
         <size>0x166</size>
         <input_file_ref idref="fl-3e"/>
      </object_component>
      <object_component id="oc-215">
         <name>.debug_info</name>
         <load_address>0x559e</load_address>
         <run_address>0x559e</run_address>
         <size>0x1b5</size>
         <input_file_ref idref="fl-3f"/>
      </object_component>
      <object_component id="oc-163">
         <name>.debug_info</name>
         <load_address>0x5753</load_address>
         <run_address>0x5753</run_address>
         <size>0x15b</size>
         <input_file_ref idref="fl-40"/>
      </object_component>
      <object_component id="oc-293">
         <name>.debug_info</name>
         <load_address>0x58ae</load_address>
         <run_address>0x58ae</run_address>
         <size>0x160</size>
         <input_file_ref idref="fl-41"/>
      </object_component>
      <object_component id="oc-1e2">
         <name>.debug_info</name>
         <load_address>0x5a0e</load_address>
         <run_address>0x5a0e</run_address>
         <size>0x210</size>
         <input_file_ref idref="fl-41"/>
      </object_component>
      <object_component id="oc-344">
         <name>.debug_info</name>
         <load_address>0x5c1e</load_address>
         <run_address>0x5c1e</run_address>
         <size>0x160</size>
         <input_file_ref idref="fl-42"/>
      </object_component>
      <object_component id="oc-2bd">
         <name>.debug_info</name>
         <load_address>0x5d7e</load_address>
         <run_address>0x5d7e</run_address>
         <size>0x1d8</size>
         <input_file_ref idref="fl-42"/>
      </object_component>
      <object_component id="oc-2b8">
         <name>.debug_info</name>
         <load_address>0x5f56</load_address>
         <run_address>0x5f56</run_address>
         <size>0x195</size>
         <input_file_ref idref="fl-43"/>
      </object_component>
      <object_component id="oc-20e">
         <name>.debug_info</name>
         <load_address>0x60eb</load_address>
         <run_address>0x60eb</run_address>
         <size>0x31e</size>
         <input_file_ref idref="fl-43"/>
      </object_component>
      <object_component id="oc-3c2">
         <name>.debug_info</name>
         <load_address>0x6409</load_address>
         <run_address>0x6409</run_address>
         <size>0x167</size>
         <input_file_ref idref="fl-44"/>
      </object_component>
      <object_component id="oc-348">
         <name>.debug_info</name>
         <load_address>0x6570</load_address>
         <run_address>0x6570</run_address>
         <size>0x5c4</size>
         <input_file_ref idref="fl-44"/>
      </object_component>
      <object_component id="oc-20b">
         <name>.debug_info</name>
         <load_address>0x6b34</load_address>
         <run_address>0x6b34</run_address>
         <size>0x197</size>
         <input_file_ref idref="fl-45"/>
      </object_component>
      <object_component id="oc-174">
         <name>.debug_info</name>
         <load_address>0x6ccb</load_address>
         <run_address>0x6ccb</run_address>
         <size>0x2d5</size>
         <input_file_ref idref="fl-45"/>
      </object_component>
      <object_component id="oc-340">
         <name>.debug_info</name>
         <load_address>0x6fa0</load_address>
         <run_address>0x6fa0</run_address>
         <size>0x167</size>
         <input_file_ref idref="fl-46"/>
      </object_component>
      <object_component id="oc-2b2">
         <name>.debug_info</name>
         <load_address>0x7107</load_address>
         <run_address>0x7107</run_address>
         <size>0x1ee</size>
         <input_file_ref idref="fl-46"/>
      </object_component>
      <object_component id="oc-34e">
         <name>.debug_info</name>
         <load_address>0x72f5</load_address>
         <run_address>0x72f5</run_address>
         <size>0x15a</size>
         <input_file_ref idref="fl-47"/>
      </object_component>
      <object_component id="oc-2c9">
         <name>.debug_info</name>
         <load_address>0x744f</load_address>
         <run_address>0x744f</run_address>
         <size>0x1cd</size>
         <input_file_ref idref="fl-47"/>
      </object_component>
      <object_component id="oc-231">
         <name>.debug_info</name>
         <load_address>0x761c</load_address>
         <run_address>0x761c</run_address>
         <size>0x117</size>
         <input_file_ref idref="fl-48"/>
      </object_component>
      <object_component id="oc-13a">
         <name>.debug_info</name>
         <load_address>0x7733</load_address>
         <run_address>0x7733</run_address>
         <size>0x176</size>
         <input_file_ref idref="fl-4b"/>
      </object_component>
      <object_component id="oc-c3">
         <name>.debug_info</name>
         <load_address>0x78a9</load_address>
         <run_address>0x78a9</run_address>
         <size>0x16f</size>
         <input_file_ref idref="fl-4b"/>
      </object_component>
      <object_component id="oc-281">
         <name>.debug_info</name>
         <load_address>0x7a18</load_address>
         <run_address>0x7a18</run_address>
         <size>0x20b</size>
         <input_file_ref idref="fl-4c"/>
      </object_component>
      <object_component id="oc-1cd">
         <name>.debug_info</name>
         <load_address>0x7c23</load_address>
         <run_address>0x7c23</run_address>
         <size>0x1ef</size>
         <input_file_ref idref="fl-4c"/>
      </object_component>
      <object_component id="oc-271">
         <name>.debug_info</name>
         <load_address>0x7e12</load_address>
         <run_address>0x7e12</run_address>
         <size>0x190</size>
         <input_file_ref idref="fl-4c"/>
      </object_component>
      <object_component id="oc-275">
         <name>.debug_info</name>
         <load_address>0x7fa2</load_address>
         <run_address>0x7fa2</run_address>
         <size>0x165</size>
         <input_file_ref idref="fl-4c"/>
      </object_component>
      <object_component id="oc-3ae">
         <name>.debug_info</name>
         <load_address>0x8107</load_address>
         <run_address>0x8107</run_address>
         <size>0x2c</size>
         <input_file_ref idref="fl-4c"/>
      </object_component>
      <object_component id="oc-2ad">
         <name>.debug_info</name>
         <load_address>0x8133</load_address>
         <run_address>0x8133</run_address>
         <size>0x118</size>
         <input_file_ref idref="fl-4d"/>
      </object_component>
      <object_component id="oc-1ee">
         <name>.debug_info</name>
         <load_address>0x824b</load_address>
         <run_address>0x824b</run_address>
         <size>0x11e</size>
         <input_file_ref idref="fl-4d"/>
      </object_component>
      <object_component id="oc-373">
         <name>.debug_info</name>
         <load_address>0x8369</load_address>
         <run_address>0x8369</run_address>
         <size>0x119</size>
         <input_file_ref idref="fl-4e"/>
      </object_component>
      <object_component id="oc-29c">
         <name>.debug_info</name>
         <load_address>0x8482</load_address>
         <run_address>0x8482</run_address>
         <size>0x119</size>
         <input_file_ref idref="fl-4f"/>
      </object_component>
      <object_component id="oc-43b">
         <name>.debug_info</name>
         <load_address>0x859b</load_address>
         <run_address>0x859b</run_address>
         <size>0x188</size>
         <input_file_ref idref="fl-51"/>
      </object_component>
      <object_component id="oc-29f">
         <name>.debug_info</name>
         <load_address>0x8723</load_address>
         <run_address>0x8723</run_address>
         <size>0x167</size>
         <input_file_ref idref="fl-52"/>
      </object_component>
      <object_component id="oc-200">
         <name>.debug_info</name>
         <load_address>0x888a</load_address>
         <run_address>0x888a</run_address>
         <size>0x3a0</size>
         <input_file_ref idref="fl-52"/>
      </object_component>
      <object_component id="oc-32d">
         <name>.debug_info</name>
         <load_address>0x8c2a</load_address>
         <run_address>0x8c2a</run_address>
         <size>0x538</size>
         <input_file_ref idref="fl-53"/>
      </object_component>
      <object_component id="oc-315">
         <name>.debug_info</name>
         <load_address>0x9162</load_address>
         <run_address>0x9162</run_address>
         <size>0x23d</size>
         <input_file_ref idref="fl-53"/>
      </object_component>
      <object_component id="oc-3de">
         <name>.debug_info</name>
         <load_address>0x939f</load_address>
         <run_address>0x939f</run_address>
         <size>0x1a8</size>
         <input_file_ref idref="fl-53"/>
      </object_component>
      <object_component id="oc-3e4">
         <name>.debug_info</name>
         <load_address>0x9547</load_address>
         <run_address>0x9547</run_address>
         <size>0x27c</size>
         <input_file_ref idref="fl-53"/>
      </object_component>
      <object_component id="oc-38f">
         <name>.debug_info</name>
         <load_address>0x97c3</load_address>
         <run_address>0x97c3</run_address>
         <size>0x240</size>
         <input_file_ref idref="fl-53"/>
      </object_component>
      <object_component id="oc-445">
         <name>.debug_info</name>
         <load_address>0x9a03</load_address>
         <run_address>0x9a03</run_address>
         <size>0x3c0</size>
         <input_file_ref idref="fl-53"/>
      </object_component>
      <object_component id="oc-44b">
         <name>.debug_info</name>
         <load_address>0x9dc3</load_address>
         <run_address>0x9dc3</run_address>
         <size>0x1b2</size>
         <input_file_ref idref="fl-53"/>
      </object_component>
      <object_component id="oc-451">
         <name>.debug_info</name>
         <load_address>0x9f75</load_address>
         <run_address>0x9f75</run_address>
         <size>0x210</size>
         <input_file_ref idref="fl-53"/>
      </object_component>
      <object_component id="oc-3f7">
         <name>.debug_info</name>
         <load_address>0xa185</load_address>
         <run_address>0xa185</run_address>
         <size>0x262</size>
         <input_file_ref idref="fl-53"/>
      </object_component>
      <object_component id="oc-458">
         <name>.debug_info</name>
         <load_address>0xa3e7</load_address>
         <run_address>0xa3e7</run_address>
         <size>0x3d7</size>
         <input_file_ref idref="fl-53"/>
      </object_component>
      <object_component id="oc-45e">
         <name>.debug_info</name>
         <load_address>0xa7be</load_address>
         <run_address>0xa7be</run_address>
         <size>0x1fb</size>
         <input_file_ref idref="fl-53"/>
      </object_component>
      <object_component id="oc-3fd">
         <name>.debug_info</name>
         <load_address>0xa9b9</load_address>
         <run_address>0xa9b9</run_address>
         <size>0x227</size>
         <input_file_ref idref="fl-53"/>
      </object_component>
      <object_component id="oc-403">
         <name>.debug_info</name>
         <load_address>0xabe0</load_address>
         <run_address>0xabe0</run_address>
         <size>0x36b</size>
         <input_file_ref idref="fl-53"/>
      </object_component>
      <object_component id="oc-46c">
         <name>.debug_info</name>
         <load_address>0xaf4b</load_address>
         <run_address>0xaf4b</run_address>
         <size>0x44e</size>
         <input_file_ref idref="fl-53"/>
      </object_component>
      <object_component id="oc-409">
         <name>.debug_info</name>
         <load_address>0xb399</load_address>
         <run_address>0xb399</run_address>
         <size>0x275</size>
         <input_file_ref idref="fl-53"/>
      </object_component>
      <object_component id="oc-395">
         <name>.debug_info</name>
         <load_address>0xb60e</load_address>
         <run_address>0xb60e</run_address>
         <size>0x362</size>
         <input_file_ref idref="fl-53"/>
      </object_component>
      <object_component id="oc-31b">
         <name>.debug_info</name>
         <load_address>0xb970</load_address>
         <run_address>0xb970</run_address>
         <size>0x2fa</size>
         <input_file_ref idref="fl-53"/>
      </object_component>
      <object_component id="oc-321">
         <name>.debug_info</name>
         <load_address>0xbc6a</load_address>
         <run_address>0xbc6a</run_address>
         <size>0x262</size>
         <input_file_ref idref="fl-53"/>
      </object_component>
      <object_component id="oc-327">
         <name>.debug_info</name>
         <load_address>0xbecc</load_address>
         <run_address>0xbecc</run_address>
         <size>0x25f</size>
         <input_file_ref idref="fl-53"/>
      </object_component>
      <object_component id="oc-27b">
         <name>.debug_info</name>
         <load_address>0xc12b</load_address>
         <run_address>0xc12b</run_address>
         <size>0x32f</size>
         <input_file_ref idref="fl-53"/>
      </object_component>
      <object_component id="oc-32e">
         <name>.debug_info</name>
         <load_address>0xc45a</load_address>
         <run_address>0xc45a</run_address>
         <size>0x86</size>
         <input_file_ref idref="fl-53"/>
      </object_component>
      <object_component id="oc-3b3">
         <name>.debug_info</name>
         <load_address>0xc4e0</load_address>
         <run_address>0xc4e0</run_address>
         <size>0x39</size>
         <input_file_ref idref="fl-53"/>
      </object_component>
      <object_component id="oc-47c">
         <name>.debug_info</name>
[...]
         <name>__mspabi_slli_10</name>
         <value>0xc292</value>
         <object_component_ref idref="oc-a8"/>
      </symbol>
      <symbol id="sm-250">
         <name>__mspabi_slll_9</name>
         <value>0xc10a</value>
         <object_component_ref idref="oc-288"/>
      </symbol>
      <symbol id="sm-251">
         <name>__mspabi_slll_8</name>
         <value>0xc10e</value>
         <object_component_ref idref="oc-288"/>
      </symbol>
      <symbol id="sm-252">
         <name>__mspabi_slll_7</name>
         <value>0xc112</value>
         <object_component_ref idref="oc-288"/>
      </symbol>
      <symbol id="sm-253">
         <name>__mspabi_slll_6</name>
         <value>0xc116</value>
         <object_component_ref idref="oc-288"/>
      </symbol>
      <symbol id="sm-254">
         <name>__mspabi_slll_5</name>
         <value>0xc11a</value>
         <object_component_ref idref="oc-288"/>
      </symbol>
      <symbol id="sm-255">
         <name>__mspabi_slll_4</name>
         <value>0xc11e</value>
         <object_component_ref idref="oc-288"/>
      </symbol>
      <symbol id="sm-256">
         <name>__mspabi_slll_3</name>
         <value>0xc122</value>
         <object_component_ref idref="oc-288"/>
      </symbol>
      <symbol id="sm-257">
         <name>__mspabi_slll_2</name>
         <value>0xc126</value>
         <object_component_ref idref="oc-288"/>
      </symbol>
      <symbol id="sm-258">
         <name>__mspabi_slll_1</name>
         <value>0xc12a</value>
         <object_component_ref idref="oc-288"/>
      </symbol>
      <symbol id="sm-259">
         <name>__mspabi_slll</name>
         <value>0xc462</value>
         <object_component_ref idref="oc-2a2"/>
      </symbol>
      <symbol id="sm-25a">
         <name>__mspabi_slll_15</name>
         <value>0xc0f2</value>
         <object_component_ref idref="oc-288"/>
      </symbol>
      <symbol id="sm-25b">
         <name>__mspabi_slll_14</name>
         <value>0xc0f6</value>
         <object_component_ref idref="oc-288"/>
      </symbol>
      <symbol id="sm-25c">
         <name>__mspabi_slll_13</name>
         <value>0xc0fa</value>
         <object_component_ref idref="oc-288"/>
      </symbol>
      <symbol id="sm-25d">
         <name>__mspabi_slll_12</name>
         <value>0xc0fe</value>
         <object_component_ref idref="oc-288"/>
      </symbol>
      <symbol id="sm-25e">
         <name>__mspabi_slll_11</name>
         <value>0xc102</value>
         <object_component_ref idref="oc-288"/>
      </symbol>
      <symbol id="sm-25f">
         <name>__mspabi_slll_10</name>
         <value>0xc106</value>
         <object_component_ref idref="oc-288"/>
      </symbol>
      <symbol id="sm-267">
         <name>__mspabi_srli_8</name>
         <value>0xbf3c</value>
         <object_component_ref idref="oc-ad"/>
      </symbol>
      <symbol id="sm-268">
         <name>__mspabi_srli_9</name>
         <value>0xbf38</value>
         <object_component_ref idref="oc-ad"/>
      </symbol>
      <symbol id="sm-269">
         <name>__mspabi_srli_6</name>
         <value>0xbf44</value>
         <object_component_ref idref="oc-ad"/>
      </symbol>
      <symbol id="sm-26a">
         <name>__mspabi_srli_7</name>
         <value>0xbf40</value>
         <object_component_ref idref="oc-ad"/>
      </symbol>
      <symbol id="sm-26b">
         <name>__mspabi_srli_4</name>
         <value>0xbf4c</value>
         <object_component_ref idref="oc-ad"/>
      </symbol>
      <symbol id="sm-26c">
         <name>__mspabi_srli_5</name>
         <value>0xbf48</value>
         <object_component_ref idref="oc-ad"/>
      </symbol>
      <symbol id="sm-26d">
         <name>__mspabi_srli_2</name>
         <value>0xbf54</value>
         <object_component_ref idref="oc-ad"/>
      </symbol>
      <symbol id="sm-26e">
         <name>__mspabi_srli_3</name>
         <value>0xbf50</value>
         <object_component_ref idref="oc-ad"/>
      </symbol>
      <symbol id="sm-26f">
         <name>__mspabi_srli_1</name>
         <value>0xbf58</value>
         <object_component_ref idref="oc-ad"/>
      </symbol>
      <symbol id="sm-270">
         <name>__mspabi_srli</name>
         <value>0xbf12</value>
         <object_component_ref idref="oc-ad"/>
      </symbol>
      <symbol id="sm-271">
         <name>__mspabi_srli_15</name>
         <value>0xbf20</value>
         <object_component_ref idref="oc-ad"/>
      </symbol>
      <symbol id="sm-272">
         <name>__mspabi_srli_14</name>
         <value>0xbf24</value>
         <object_component_ref idref="oc-ad"/>
      </symbol>
      <symbol id="sm-273">
         <name>__mspabi_srli_13</name>
         <value>0xbf28</value>
         <object_component_ref idref="oc-ad"/>
      </symbol>
      <symbol id="sm-274">
         <name>__mspabi_srli_12</name>
         <value>0xbf2c</value>
         <object_component_ref idref="oc-ad"/>
      </symbol>
      <symbol id="sm-275">
         <name>__mspabi_srli_11</name>
         <value>0xbf30</value>
         <object_component_ref idref="oc-ad"/>
      </symbol>
      <symbol id="sm-276">
         <name>__mspabi_srli_10</name>
         <value>0xbf34</value>
         <object_component_ref idref="oc-ad"/>
      </symbol>
      <symbol id="sm-286">
         <name>__mspabi_srll_8</name>
         <value>0xbde8</value>
         <object_component_ref idref="oc-28d"/>
      </symbol>
      <symbol id="sm-287">
         <name>__mspabi_srll_9</name>
         <value>0xbde2</value>
         <object_component_ref idref="oc-28d"/>
      </symbol>
      <symbol id="sm-288">
         <name>__mspabi_srll_6</name>
         <value>0xbdf4</value>
         <object_component_ref idref="oc-28d"/>
      </symbol>
      <symbol id="sm-289">
         <name>__mspabi_srll_7</name>
         <value>0xbdee</value>
         <object_component_ref idref="oc-28d"/>
      </symbol>
      <symbol id="sm-28a">
         <name>__mspabi_srll_4</name>
         <value>0xbe00</value>
         <object_component_ref idref="oc-28d"/>
      </symbol>
      <symbol id="sm-28b">
         <name>__mspabi_srll_5</name>
         <value>0xbdfa</value>
         <object_component_ref idref="oc-28d"/>
      </symbol>
      <symbol id="sm-28c">
         <name>__mspabi_srll_2</name>
         <value>0xbe0c</value>
         <object_component_ref idref="oc-28d"/>
      </symbol>
      <symbol id="sm-28d">
         <name>__mspabi_srll_3</name>
         <value>0xbe06</value>
         <object_component_ref idref="oc-28d"/>
      </symbol>
      <symbol id="sm-28e">
         <name>__mspabi_srll_1</name>
         <value>0xbe12</value>
         <object_component_ref idref="oc-28d"/>
      </symbol>
      <symbol id="sm-28f">
         <name>__mspabi_srll_15</name>
         <value>0xbdbe</value>
         <object_component_ref idref="oc-28d"/>
      </symbol>
      <symbol id="sm-290">
         <name>__mspabi_srll_14</name>
         <value>0xbdc4</value>
         <object_component_ref idref="oc-28d"/>
      </symbol>
      <symbol id="sm-291">
         <name>__mspabi_srll_13</name>
         <value>0xbdca</value>
         <object_component_ref idref="oc-28d"/>
      </symbol>
      <symbol id="sm-292">
         <name>__mspabi_srll_12</name>
         <value>0xbdd0</value>
         <object_component_ref idref="oc-28d"/>
      </symbol>
      <symbol id="sm-293">
         <name>__mspabi_srll_11</name>
         <value>0xbdd6</value>
         <object_component_ref idref="oc-28d"/>
      </symbol>
      <symbol id="sm-294">
         <name>__mspabi_srll_10</name>
         <value>0xbddc</value>
         <object_component_ref idref="oc-28d"/>
      </symbol>
      <symbol id="sm-295">
         <name>__mspabi_srll</name>
         <value>0xc42e</value>
         <object_component_ref idref="oc-2a7"/>
      </symbol>
      <symbol id="sm-2a5">
         <name>_stack</name>
         <value>0x5b0</value>
         <object_component_ref idref="oc-a4"/>
      </symbol>
      <symbol id="sm-2a6">
         <name>_c_int00_noargs</name>
         <value>0xc320</value>
         <object_component_ref idref="oc-104"/>
      </symbol>
      <symbol id="sm-2a7">
         <name>_reset_vector</name>
         <value>0xfffe</value>
         <object_component_ref idref="oc-a7"/>
      </symbol>
      <symbol id="sm-2c9">
         <name>__TI_auto_init_nobinit_nopinit</name>
         <value>0xc032</value>
         <object_component_ref idref="oc-23b"/>
      </symbol>
      <symbol id="sm-2e1">
         <name>__TI_zero_init_nomemset</name>
         <value>0xc3ba</value>
         <object_component_ref idref="oc-f2"/>
      </symbol>
      <symbol id="sm-2ec">
         <name>_system_pre_init</name>
         <value>0xc4cc</value>
         <object_component_ref idref="oc-19f"/>
      </symbol>
      <symbol id="sm-2f5">
         <name>_system_post_cinit</name>
         <value>0xc4d0</value>
         <object_component_ref idref="oc-2eb"/>
      </symbol>
      <symbol id="sm-30b">
         <name>__TI_decompress_none</name>
         <value>0xc41c</value>
         <object_component_ref idref="oc-34"/>
      </symbol>
      <symbol id="sm-32e">
         <name>__TI_decompress_lzss</name>
         <value>0xbb7c</value>
         <object_component_ref idref="oc-2e"/>
      </symbol>
      <symbol id="sm-355">
         <name>__mspabi_addd</name>
         <value>0x87d8</value>
         <object_component_ref idref="oc-179"/>
      </symbol>
      <symbol id="sm-36b">
         <name>__mspabi_cvtfd</name>
         <value>0xbc72</value>
         <object_component_ref idref="oc-168"/>
      </symbol>
      <symbol id="sm-38c">
         <name>__mspabi_divd</name>
         <value>0x9944</value>
         <object_component_ref idref="oc-2c2"/>
      </symbol>
      <symbol id="sm-399">
         <name>__mspabi_fixdi</name>
         <value>0xc2d2</value>
         <object_component_ref idref="oc-17f"/>
      </symbol>
      <symbol id="sm-3a8">
         <name>__mspabi_fixdli</name>
         <value>0xbce4</value>
         <object_component_ref idref="oc-214"/>
      </symbol>
      <symbol id="sm-3b1">
         <name>__mspabi_fltid</name>
         <value>0xc49c</value>
         <object_component_ref idref="oc-162"/>
      </symbol>
      <symbol id="sm-3c8">
         <name>__mspabi_fltlid</name>
         <value>0xb620</value>
         <object_component_ref idref="oc-1e1"/>
      </symbol>
      <symbol id="sm-3dd">
         <name>__mspabi_fltuld</name>
         <value>0xba6e</value>
         <object_component_ref idref="oc-2bc"/>
      </symbol>
      <symbol id="sm-3fe">
         <name>__TI_frcaddd</name>
         <value>0x924e</value>
         <object_component_ref idref="oc-20c"/>
      </symbol>
      <symbol id="sm-419">
         <name>__TI_frcdivd</name>
         <value>0x8000</value>
         <object_component_ref idref="oc-345"/>
      </symbol>
      <symbol id="sm-43b">
         <name>__mspabi_mpyd</name>
         <value>0x8fe0</value>
         <object_component_ref idref="oc-173"/>
      </symbol>
      <symbol id="sm-44e">
         <name>__TI_renormd</name>
         <value>0xb3fc</value>
         <object_component_ref idref="oc-2b1"/>
      </symbol>
      <symbol id="sm-461">
         <name>__mspabi_cvtdf</name>
         <value>0xb9e2</value>
         <object_component_ref idref="oc-2c8"/>
      </symbol>
      <symbol id="sm-46b">
         <name>C$$EXIT</name>
         <value>0xc4c6</value>
         <object_component_ref idref="oc-22f"/>
      </symbol>
      <symbol id="sm-46c">
         <name>abort</name>
         <value>0xc4c6</value>
         <object_component_ref idref="oc-22f"/>
      </symbol>
      <symbol id="sm-47c">
         <name>memcpy</name>
         <value>0xc440</value>
         <object_component_ref idref="oc-c2"/>
      </symbol>
      <symbol id="sm-49d">
         <name>vsprintf</name>
         <value>0xc166</value>
         <object_component_ref idref="oc-1cc"/>
      </symbol>
      <symbol id="sm-4ad">
         <name>__mspabi_sral</name>
         <value>0xc452</value>
         <object_component_ref idref="oc-2ac"/>
      </symbol>
      <symbol id="sm-4ae">
         <name>__mspabi_sral_15</name>
         <value>0xc0b4</value>
         <object_component_ref idref="oc-1ed"/>
      </symbol>
      <symbol id="sm-4af">
         <name>__mspabi_sral_14</name>
         <value>0xc0b8</value>
         <object_component_ref idref="oc-1ed"/>
      </symbol>
      <symbol id="sm-4b0">
         <name>__mspabi_sral_13</name>
         <value>0xc0bc</value>
         <object_component_ref idref="oc-1ed"/>
      </symbol>
      <symbol id="sm-4b1">
         <name>__mspabi_sral_12</name>
         <value>0xc0c0</value>
         <object_component_ref idref="oc-1ed"/>
      </symbol>
      <symbol id="sm-4b2">
         <name>__mspabi_sral_11</name>
         <value>0xc0c4</value>
         <object_component_ref idref="oc-1ed"/>
      </symbol>
      <symbol id="sm-4b3">
         <name>__mspabi_sral_10</name>
         <value>0xc0c8</value>
         <object_component_ref idref="oc-1ed"/>
      </symbol>
      <symbol id="sm-4b4">
         <name>__mspabi_sral_8</name>
         <value>0xc0d0</value>
         <object_component_ref idref="oc-1ed"/>
      </symbol>
      <symbol id="sm-4b5">
         <name>__mspabi_sral_9</name>
         <value>0xc0cc</value>
         <object_component_ref idref="oc-1ed"/>
      </symbol>
      <symbol id="sm-4b6">
         <name>__mspabi_sral_6</name>
         <value>0xc0d8</value>
         <object_component_ref idref="oc-1ed"/>
      </symbol>
      <symbol id="sm-4b7">
         <name>__mspabi_sral_7</name>
         <value>0xc0d4</value>
         <object_component_ref idref="oc-1ed"/>
      </symbol>
      <symbol id="sm-4b8">
         <name>__mspabi_sral_4</name>
         <value>0xc0e0</value>
         <object_component_ref idref="oc-1ed"/>
      </symbol>
      <symbol id="sm-4b9">
         <name>__mspabi_sral_5</name>
         <value>0xc0dc</value>
         <object_component_ref idref="oc-1ed"/>
      </symbol>
      <symbol id="sm-4ba">
         <name>__mspabi_sral_2</name>
         <value>0xc0e8</value>
         <object_component_ref idref="oc-1ed"/>
      </symbol>
      <symbol id="sm-4bb">
         <name>__mspabi_sral_3</name>
         <value>0xc0e4</value>
         <object_component_ref idref="oc-1ed"/>
      </symbol>
      <symbol id="sm-4bc">
         <name>__mspabi_sral_1</name>
         <value>0xc0ec</value>
         <object_component_ref idref="oc-1ed"/>
      </symbol>
      <symbol id="sm-4c6">
         <name>__mspabi_mpyi_sw</name>
         <value>0xc3e2</value>
         <object_component_ref idref="oc-372"/>
      </symbol>
      <symbol id="sm-4c7">
         <name>__mspabi_mpyi</name>
         <value>0xc3e2</value>
         <object_component_ref idref="oc-372"/>
      </symbol>
      <symbol id="sm-4d1">
         <name>__mspabi_mpyl_sw</name>
         <value>0xc2fa</value>
         <object_component_ref idref="oc-299"/>
      </symbol>
      <symbol id="sm-4d2">
         <name>__mspabi_mpyl</name>
         <value>0xc2fa</value>
         <object_component_ref idref="oc-299"/>
      </symbol>
      <symbol id="sm-4e0">
         <name>__mspabi_srlll</name>
         <value>0xbfa8</value>
         <object_component_ref idref="oc-43a"/>
      </symbol>
      <symbol id="sm-4f0">
         <name>__TI_frcmpyd</name>
         <value>0x8d5a</value>
         <object_component_ref idref="oc-1ff"/>
      </symbol>
      <symbol id="sm-6c1">
         <name>__TI_printfi</name>
         <value>0x8ad2</value>
         <object_component_ref idref="oc-27a"/>
      </symbol>
      <symbol id="sm-6d4">
         <name>atoi</name>
         <value>0xbe72</value>
         <object_component_ref idref="oc-386"/>
      </symbol>
      <symbol id="sm-6de">
         <name>_ctypes_</name>
         <value>0xc4d2</value>
         <object_component_ref idref="oc-3d8"/>
      </symbol>
      <symbol id="sm-6ed">
         <name>ltoa</name>
         <value>0xbaf8</value>
         <object_component_ref idref="oc-48f"/>
      </symbol>
      <symbol id="sm-6fc">
         <name>memccpy</name>
         <value>0xc370</value>
         <object_component_ref idref="oc-39a"/>
      </symbol>
      <symbol id="sm-70a">
         <name>memset</name>
         <value>0xc3ce</value>
         <object_component_ref idref="oc-380"/>
      </symbol>
      <symbol id="sm-719">
         <name>strchr</name>
         <value>0xc38a</value>
         <object_component_ref idref="oc-4b3"/>
      </symbol>
      <symbol id="sm-726">
         <name>strlen</name>
         <value>0xc482</value>
         <object_component_ref idref="oc-30e"/>
      </symbol>
      <symbol id="sm-733">
         <name>toupper</name>
         <value>0xc4a8</value>
         <object_component_ref idref="oc-3ea"/>
      </symbol>
      <symbol id="sm-74b">
         <name>wcslen</name>
         <value>0xc3f6</value>
         <object_component_ref idref="oc-3a2"/>
      </symbol>
      <symbol id="sm-767">
         <name>frexpl</name>
         <value>0xb570</value>
         <object_component_ref idref="oc-465"/>
      </symbol>
      <symbol id="sm-768">
         <name>frexp</name>
         <value>0xb570</value>
         <object_component_ref idref="oc-465"/>
      </symbol>
      <symbol id="sm-780">
         <name>scalbn</name>
         <value>0xa648</value>
         <object_component_ref idref="oc-4ad"/>
      </symbol>
      <symbol id="sm-781">
         <name>scalbnl</name>
         <value>0xa648</value>
         <object_component_ref idref="oc-4ad"/>
      </symbol>
      <symbol id="sm-782">
         <name>ldexpl</name>
         <value>0xa648</value>
         <object_component_ref idref="oc-4ad"/>
      </symbol>
      <symbol id="sm-783">
         <name>ldexp</name>
         <value>0xa648</value>
         <object_component_ref idref="oc-4ad"/>
      </symbol>
      <symbol id="sm-78c">
         <name>copysign</name>
         <value>0xc1c8</value>
         <object_component_ref idref="oc-4cd"/>
      </symbol>
      <symbol id="sm-78d">
         <name>copysignl</name>
         <value>0xc1c8</value>
         <object_component_ref idref="oc-4cd"/>
      </symbol>
      <symbol id="sm-799">
         <name>__mspabi_remli</name>
         <value>0xc074</value>
         <object_component_ref idref="oc-4bd"/>
      </symbol>
      <symbol id="sm-79a">
         <name>__mspabi_divli</name>
         <value>0xc074</value>
         <object_component_ref idref="oc-4bd"/>
      </symbol>
      <symbol id="sm-7a8">
         <name>__mspabi_remul</name>
         <value>0xbe1a</value>
         <object_component_ref idref="oc-435"/>
      </symbol>
      <symbol id="sm-7a9">
         <name>__mspabi_divul</name>
         <value>0xbe1a</value>
         <object_component_ref idref="oc-435"/>
      </symbol>
      <symbol id="sm-7dc">
         <name>__mspabi_divull</name>
         <value>0x8478</value>
         <object_component_ref idref="oc-42f"/>
      </symbol>
      <symbol id="sm-7f6">
         <name>__mspabi_cmpd</name>
         <value>0xb0c0</value>
         <object_component_ref idref="oc-40e"/>
      </symbol>
      <symbol id="sm-7ff">
         <name>__mspabi_negd</name>
         <value>0xc2a8</value>
         <object_component_ref idref="oc-3f0"/>
      </symbol>
      <symbol id="sm-808">
         <name>__mspabi_subd</name>
         <value>0xc19a</value>
         <object_component_ref idref="oc-495"/>
      </symbol>
      <symbol id="sm-80f">
         <name>errno</name>
         <value>0x2de</value>
         <object_component_ref idref="oc-3a8"/>
      </symbol>
      <symbol id="sm-819">
         <name>abs</name>
         <value>0xc4b4</value>
         <object_component_ref idref="oc-49c"/>
      </symbol>
      <symbol id="sm-826">
         <name>__mspabi_sllll</name>
         <value>0xbfee</value>
         <object_component_ref idref="oc-483"/>
      </symbol>
   </symbol_table>
   <title>Link successful</title>
</link_info>
